Archive member included because of file (symbol)

lib/libstm32.a(stm32f10x_flash.o)
                              main.o (FLASH_SetLatency)
lib/libstm32.a(stm32f10x_iwdg.o)
                              main.o (IWDG_WriteAccessCmd)
lib/libstm32.a(stm32f10x_gpio.o)
                              main.o (GPIO_Init)
lib/libstm32.a(stm32f10x_nvic.o)
                              main.o (NVIC_PriorityGroupConfig)
lib/libstm32.a(stm32f10x_rcc.o)
                              main.o (RCC_DeInit)
lib/libstm32.a(stm32f10x_tim.o)
                              main.o (TIM_TimeBaseInit)
lib/libstm32.a(stm32f10x_systick.o)
                              main.o (SysTick_SetReload)
lib/libstm32.a(stm32f10x_usart.o)
                              main.o (USART_DeInit)
lib/libstm32.a(cortexm3_macro.o)
                              lib/libstm32.a(stm32f10x_nvic.o) (__DSB)
lib/libstm32.a(stm32f10x_vector.o)
                              (Reset_Handler)
lib/libstm32.a(usb_init.o)    main.o (USB_Init)
lib/libstm32.a(usb_core.o)    usb_prop.o (Standard_GetDescriptorData)
lib/libstm32.a(usb_mem.o)     USBInit.o (UserToPMABufferCopy)
lib/libstm32.a(usb_regs.o)    usb_prop.o (SetBTABLE)
lib/libstm32.a(usb_sil.o)     usb_prop.o (USB_SIL_Init)
lib/libstm32.a(usb_int.o)     usb_istr.o (CTR_LP)
c:/program files (x86)/gnu tools arm embedded/4.9 2015q2/bin/../lib/gcc/arm-none-eabi/4.9.3/../../../../arm-none-eabi/lib\libc.a(lib_a-exit.o)
                              c:/program files (x86)/gnu tools arm embedded/4.9 2015q2/bin/../lib/gcc/arm-none-eabi/4.9.3/../../../../arm-none-eabi/lib/crt0.o (exit)
c:/program files (x86)/gnu tools arm embedded/4.9 2015q2/bin/../lib/gcc/arm-none-eabi/4.9.3/../../../../arm-none-eabi/lib\libc.a(lib_a-impure.o)
                              c:/program files (x86)/gnu tools arm embedded/4.9 2015q2/bin/../lib/gcc/arm-none-eabi/4.9.3/../../../../arm-none-eabi/lib\libc.a(lib_a-exit.o) (_global_impure_ptr)
c:/program files (x86)/gnu tools arm embedded/4.9 2015q2/bin/../lib/gcc/arm-none-eabi/4.9.3/../../../../arm-none-eabi/lib\libc.a(lib_a-init.o)
                              c:/program files (x86)/gnu tools arm embedded/4.9 2015q2/bin/../lib/gcc/arm-none-eabi/4.9.3/../../../../arm-none-eabi/lib/crt0.o (__libc_init_array)
c:/program files (x86)/gnu tools arm embedded/4.9 2015q2/bin/../lib/gcc/arm-none-eabi/4.9.3/../../../../arm-none-eabi/lib\libc.a(lib_a-memset.o)
                              c:/program files (x86)/gnu tools arm embedded/4.9 2015q2/bin/../lib/gcc/arm-none-eabi/4.9.3/../../../../arm-none-eabi/lib/crt0.o (memset)
c:/program files (x86)/gnu tools arm embedded/4.9 2015q2/bin/../lib/gcc/arm-none-eabi/4.9.3/../../../../arm-none-eabi/lib\libc.a(lib_a-__call_atexit.o)
                              c:/program files (x86)/gnu tools arm embedded/4.9 2015q2/bin/../lib/gcc/arm-none-eabi/4.9.3/../../../../arm-none-eabi/lib\libc.a(lib_a-exit.o) (__call_exitprocs)
c:/program files (x86)/gnu tools arm embedded/4.9 2015q2/bin/../lib/gcc/arm-none-eabi/4.9.3/../../../../arm-none-eabi/lib\libc.a(lib_a-atexit.o)
                              c:/program files (x86)/gnu tools arm embedded/4.9 2015q2/bin/../lib/gcc/arm-none-eabi/4.9.3/../../../../arm-none-eabi/lib\libc.a(lib_a-__call_atexit.o) (atexit)
c:/program files (x86)/gnu tools arm embedded/4.9 2015q2/bin/../lib/gcc/arm-none-eabi/4.9.3/../../../../arm-none-eabi/lib\libc.a(lib_a-fini.o)
                              c:/program files (x86)/gnu tools arm embedded/4.9 2015q2/bin/../lib/gcc/arm-none-eabi/4.9.3/../../../../arm-none-eabi/lib\libc.a(lib_a-__call_atexit.o) (__libc_fini_array)
c:/program files (x86)/gnu tools arm embedded/4.9 2015q2/bin/../lib/gcc/arm-none-eabi/4.9.3/../../../../arm-none-eabi/lib\libc.a(lib_a-__atexit.o)
                              c:/program files (x86)/gnu tools arm embedded/4.9 2015q2/bin/../lib/gcc/arm-none-eabi/4.9.3/../../../../arm-none-eabi/lib\libc.a(lib_a-atexit.o) (__register_exitproc)

Allocating common symbols
Common symbol       size              file

SaveRState          0x2               lib/libstm32.a(usb_int.o)
HSEStartUpStatus    0x1               main.o
gbDXLReadPointer    0x1               main.o
SaveState           0x2               lib/libstm32.a(usb_init.o)
wIstr               0x2               usb_istr.o
pProperty           0x4               lib/libstm32.a(usb_init.o)
EPindex             0x1               lib/libstm32.a(usb_init.o)
TimingDelay         0x4               main.o
SaveTState          0x2               lib/libstm32.a(usb_int.o)
Device_Info         0x1c              lib/libstm32.a(usb_init.o)
pUser_Standard_Requests
                    0x4               lib/libstm32.a(usb_init.o)
gwUSARTWritePtr     0x2               main.o
USB_Rx_Buffer       0x40              usb_endp.o
StatusInfo          0x2               lib/libstm32.a(usb_core.o)
pInformation        0x4               lib/libstm32.a(usb_init.o)
gbpRxBuffer         0x51              main.o
gwUSARTReadPtr      0x2               main.o
[...]
Memory Configuration

Name             Origin             Length             Attributes
RAM              0x20000000         0x00005000         xrw
FLASH            0x08000000         0x00010000         xr
FLASHB1          0x00000000         0x00000000         xr
EXTMEMB0         0x00000000         0x00000000         xr
EXTMEMB1         0x00000000         0x00000000         xr
EXTMEMB2         0x00000000         0x00000000         xr
EXTMEMB3         0x00000000         0x00000000         xr
*default*        0x00000000         0xffffffff

Linker script and memory map

LOAD c:/program files (x86)/gnu tools arm embedded/4.9 2015q2/bin/../lib/gcc/arm-none-eabi/4.9.3/crti.o
LOAD c:/program files (x86)/gnu tools arm embedded/4.9 2015q2/bin/../lib/gcc/arm-none-eabi/4.9.3/crtbegin.o
LOAD c:/program files (x86)/gnu tools arm embedded/4.9 2015q2/bin/../lib/gcc/arm-none-eabi/4.9.3/../../../../arm-none-eabi/lib/crt0.o
LOAD main.o
LOAD stm32f10x_it.o
LOAD usb_desc.o
LOAD usb_endp.o
LOAD usb_istr.o
LOAD usb_prop.o
LOAD USBInit.o
LOAD lib/libstm32.a
START GROUP
LOAD c:/program files (x86)/gnu tools arm embedded/4.9 2015q2/bin/../lib/gcc/arm-none-eabi/4.9.3\libgcc.a
LOAD c:/program files (x86)/gnu tools arm embedded/4.9 2015q2/bin/../lib/gcc/arm-none-eabi/4.9.3/../../../../arm-none-eabi/lib\libc.a
END GROUP
LOAD c:/program files (x86)/gnu tools arm embedded/4.9 2015q2/bin/../lib/gcc/arm-none-eabi/4.9.3/crtend.o
LOAD c:/program files (x86)/gnu tools arm embedded/4.9 2015q2/bin/../lib/gcc/arm-none-eabi/4.9.3/crtn.o
                0x00000400                __Stack_Size = 0x400
                0x00000400                PROVIDE (_Stack_Size, __Stack_Size)
                0x20004c00                __Stack_Init = (_estack - __Stack_Size)
                0x20004c00                PROVIDE (_Stack_Init, __Stack_Init)
                0x00000100                _Minimum_Stack_Size = 0x100
                0x00000000                PROVIDE (Undefined_Handler, 0x0)
                0x00000000                PROVIDE (SWI_Handler, 0x0)
                0x00000000                PROVIDE (IRQ_Handler, 0x0)
                0x00000000                PROVIDE (Prefetch_Handler, 0x0)
                0x00000000                PROVIDE (Abort_Handler, 0x0)
                0x00000000                PROVIDE (FIQ_Handler, 0x0)
                0x00000000                PROVIDE (NMIException, 0x0)
                0x00000000                PROVIDE (HardFaultException, 0x0)
                0x00000000                PROVIDE (MemManageException, 0x0)
                0x00000000                PROVIDE (BusFaultException, 0x0)
                0x00000000                PROVIDE (UsageFaultException, 0x0)
                0x00000000                PROVIDE (SVCHandler, 0x0)
                0x00000000                PROVIDE (DebugMonitor, 0x0)
                0x00000000                PROVIDE (PendSVC, 0x0)
                0x00000000                PROVIDE (SysTickHandler, 0x0)
                0x00000000                PROVIDE (WWDG_IRQHandler, 0x0)
                0x00000000                PROVIDE (PVD_IRQHandler, 0x0)
                0x00000000                PROVIDE (TAMPER_IRQHandler, 0x0)
                0x00000000                PROVIDE (RTC_IRQHandler, 0x0)
                0x00000000                PROVIDE (FLASH_IRQHandler, 0x0)
                0x00000000                PROVIDE (RCC_IRQHandler, 0x0)
                0x00000000                PROVIDE (EXTI0_IRQHandler, 0x0)
                0x00000000                PROVIDE (EXTI1_IRQHandler, 0x0)
                0x00000000                PROVIDE (EXTI2_IRQHandler, 0x0)
                0x00000000                PROVIDE (EXTI3_IRQHandler, 0x0)
                0x00000000                PROVIDE (EXTI4_IRQHandler, 0x0)
                0x00000000                PROVIDE (DMAChannel1_IRQHandler, 0x0)
                0x00000000                PROVIDE (DMAChannel2_IRQHandler, 0x0)
                0x00000000                PROVIDE (DMAChannel3_IRQHandler, 0x0)
                0x00000000                PROVIDE (DMAChannel4_IRQHandler, 0x0)
                0x00000000                PROVIDE (DMAChannel5_IRQHandler, 0x0)
                0x00000000                PROVIDE (DMAChannel6_IRQHandler, 0x0)
                0x00000000                PROVIDE (DMAChannel7_IRQHandler, 0x0)
                0x00000000                PROVIDE (ADC_IRQHandler, 0x0)
                0x00000000                PROVIDE (USB_HP_CAN_TX_IRQHandler, 0x0)
                0x00000000                PROVIDE (USB_LP_CAN_RX0_IRQHandler, 0x0)
                0x00000000                PROVIDE (CAN_RX1_IRQHandler, 0x0)
                0x00000000                PROVIDE (CAN_SCE_IRQHandler, 0x0)
                0x00000000                PROVIDE (EXTI9_5_IRQHandler, 0x0)
                0x00000000                PROVIDE (TIM1_BRK_IRQHandler, 0x0)
                0x00000000                PROVIDE (TIM1_UP_IRQHandler, 0x0)
                0x00000000                PROVIDE (TIM1_TRG_COM_IRQHandler, 0x0)
                0x00000000                PROVIDE (TIM1_CC_IRQHandler, 0x0)
                0x00000000                PROVIDE (TIM2_IRQHandler, 0x0)
                0x00000000                PROVIDE (TIM3_IRQHandler, 0x0)
                0x00000000                PROVIDE (TIM4_IRQHandler, 0x0)
                0x00000000                PROVIDE (I2C1_EV_IRQHandler, 0x0)
                0x00000000                PROVIDE (I2C1_ER_IRQHandler, 0x0)
                0x00000000                PROVIDE (I2C2_EV_IRQHandler, 0x0)
                0x00000000                PROVIDE (I2C2_ER_IRQHandler, 0x0)
                0x00000000                PROVIDE (SPI1_IRQHandler, 0x0)
                0x00000000                PROVIDE (SPI2_IRQHandler, 0x0)
                0x00000000                PROVIDE (USART1_IRQHandler, 0x0)
                0x00000000                PROVIDE (USART2_IRQHandler, 0x0)
                0x00000000                PROVIDE (USART3_IRQHandler, 0x0)
                0x00000000                PROVIDE (EXTI15_10_IRQHandler, 0x0)
                0x00000000                PROVIDE (RTCAlarm_IRQHandler, 0x0)
                0x00000000                PROVIDE (USBWakeUp_IRQHandler, 0x0)
                0x42000000                PERIPH_BB_BASE = 0x42000000
                0x22000000                SRAM_BB_BASE = 0x22000000
                0x20000000                SRAM_BASE = 0x20000000
                0x40000000                PERIPH_BASE = 0x40000000
                0x40022000                PROVIDE (FLASH_BASE, 0x40022000)
                0x1ffff800                PROVIDE (OB_BASE, 0x1ffff800)
                0x40000000                APB1PERIPH_BASE = PERIPH_BASE
                0x40010000                APB2PERIPH_BASE = (PERIPH_BASE + 0x10000)
                0x40020000                AHBPERIPH_BASE = (PERIPH_BASE + 0x20000)
                0x40000000                PROVIDE (TIM2, (APB1PERIPH_BASE + 0x0))
                0x40000400                PROVIDE (TIM3, (APB1PERIPH_BASE + 0x400))
                0x40000800                PROVIDE (TIM4, (APB1PERIPH_BASE + 0x800))
                0x40002800                PROVIDE (RTC, (APB1PERIPH_BASE + 0x2800))
                0x40002c00                PROVIDE (WWDG, (APB1PERIPH_BASE + 0x2c00))
                0x40003000                PROVIDE (IWDG, (APB1PERIPH_BASE + 0x3000))
                0x40003800                PROVIDE (SPI2, (APB1PERIPH_BASE + 0x3800))
                0x40004400                PROVIDE (USART2, (APB1PERIPH_BASE + 0x4400))
                0x40004800                PROVIDE (USART3, (APB1PERIPH_BASE + 0x4800))
                0x40005400                PROVIDE (I2C1, (APB1PERIPH_BASE + 0x5400))
                0x40005800                PROVIDE (I2C2, (APB1PERIPH_BASE + 0x5800))
                0x40006400                PROVIDE (CAN, (APB1PERIPH_BASE + 0x6400))
                0x40006c00                PROVIDE (BKP, (APB1PERIPH_BASE + 0x6c00))
                0x40007000                PROVIDE (PWR, (APB1PERIPH_BASE + 0x7000))
                0x40010000                PROVIDE (AFIO, (APB2PERIPH_BASE + 0x0))
                0x40010400                PROVIDE (EXTI, (APB2PERIPH_BASE + 0x400))
                0x40010800                PROVIDE (GPIOA, (APB2PERIPH_BASE + 0x800))
                0x40010c00                PROVIDE (GPIOB, (APB2PERIPH_BASE + 0xc00))
                0x40011000                PROVIDE (GPIOC, (APB2PERIPH_BASE + 0x1000))
                0x40011400                PROVIDE (GPIOD, (APB2PERIPH_BASE + 0x1400))
                0x40011800                PROVIDE (GPIOE, (APB2PERIPH_BASE + 0x1800))
                0x40012400                PROVIDE (ADC1, (APB2PERIPH_BASE + 0x2400))
                0x40012800                PROVIDE (ADC2, (APB2PERIPH_BASE + 0x2800))
                0x40012c00                PROVIDE (TIM1, (APB2PERIPH_BASE + 0x2c00))
                0x40013000                PROVIDE (SPI1, (APB2PERIPH_BASE + 0x3000))
                0x40013800                PROVIDE (USART1, (APB2PERIPH_BASE + 0x3800))
                0x40020000                PROVIDE (DMA, (AHBPERIPH_BASE + 0x0))
                0x40020008                PROVIDE (DMA_Channel1, (AHBPERIPH_BASE + 0x8))
                0x4002001c                PROVIDE (DMA_Channel2, (AHBPERIPH_BASE + 0x1c))
                0x40020030                PROVIDE (DMA_Channel3, (AHBPERIPH_BASE + 0x30))
                0x40020044                PROVIDE (DMA_Channel4, (AHBPERIPH_BASE + 0x44))
                0x40020058                PROVIDE (DMA_Channel5, (AHBPERIPH_BASE + 0x58))
                0x4002006c                PROVIDE (DMA_Channel6, (AHBPERIPH_BASE + 0x6c))
                0x40020080                PROVIDE (DMA_Channel7, (AHBPERIPH_BASE + 0x80))
                0x40021000                PROVIDE (RCC, (AHBPERIPH_BASE + 0x1000))
                0xe000e000                SCS_BASE = 0xe000e000
                0xe000e010                PROVIDE (SysTick, (SCS_BASE + 0x10))
                0xe000e100                PROVIDE (NVIC, (SCS_BASE + 0x100))
                0xe000ed00                PROVIDE (SCB, (SCS_BASE + 0xd00))
                0x20005000                _estack = 0x20005000

.isr_vector     0x08000000      0x134
                0x08000000                . = ALIGN (0x4)
 *(.isr_vector)
 .isr_vector    0x08000000      0x134 lib/libstm32.a(stm32f10x_vector.o)
                0x08000000                g_pfnVectors
                0x08000134                . = ALIGN (0x4)

.flashtext      0x08000134        0x0
                0x08000134                . = ALIGN (0x4)
 *(.flashtext)
                0x08000134                . = ALIGN (0x4)

.text           0x08000134     0x2710
                0x08000134                . = ALIGN (0x4)
 *(.text)
 .text          0x08000134       0x6e lib/libstm32.a(cortexm3_macro.o)
                0x08000134                __WFI
                0x08000138                __WFE
                0x0800013c                __SEV
                0x08000140                __ISB
                0x08000146                __DSB
                0x0800014c                __DMB
                0x08000152                __SVC
                0x08000156                __MRS_CONTROL
                0x0800015c                __MSR_CONTROL
                0x08000166                __MRS_PSP
                0x0800016c                __MSR_PSP
                0x08000172                __MRS_MSP
                0x08000178                __MSR_MSP
                0x0800017e                __SETPRIMASK
                0x08000182                __RESETPRIMASK
                0x08000186                __SETFAULTMASK
                0x0800018a                __RESETFAULTMASK
                0x0800018e                __BASEPRICONFIG
                0x08000194                __GetBASEPRI
                0x0800019a                __REV_HalfWord
                0x0800019e                __REV_Word
 *(.text.*)
 *fill*         0x080001a2        0x2 
 .text.ClearTimeOutBuffer
                0x080001a4        0xc main.o
                0x080001a4                ClearTimeOutBuffer
 .text.CheckTimeOut
                0x080001b0       0x14 main.o
                0x080001b0                CheckTimeOut
 .text.Interrupt1ms
                0x080001c4       0x14 main.o
                0x080001c4                Interrupt1ms
 .text.Timer_Configuration
                0x080001d8       0x4e main.o
                0x080001d8                Timer_Configuration
 *fill*         0x08000226        0x2 
 .text.TxDByte  0x08000228       0x28 main.o
                0x08000228                TxDByte
 .text.TxDString
                0x08000250       0x12 main.o
                0x08000250                TxDString
 .text.TxDHex8  0x08000262       0x34 main.o
                0x08000262                TxDHex8
 .text.TxDHex16
                0x08000296       0x14 main.o
                0x08000296                TxDHex16
 .text.TxDHex32
                0x080002aa       0x14 main.o
                0x080002aa                TxDHex32
 .text.USB_TxDString
                0x080002be       0x12 main.o
                0x080002be                USB_TxDString
 .text.Delay    0x080002d0       0x2c main.o
                0x080002d0                Delay
 .text.StringCompare
                0x080002fc       0x2e main.o
                0x080002fc                StringCompare
 .text.StringCopy
                0x0800032a       0x24 main.o
                0x0800032a                StringCopy
 *fill*         0x0800034e        0x2 
 .text.USART_Configuration
                0x08000350       0xb8 main.o
                0x08000350                USART_Configuration
 .text.SerialMonitor
                0x08000408      0x3fc main.o
                0x08000408                SerialMonitor
 .text.RCC_Configuration
                0x08000804       0x8c main.o
                0x08000804                RCC_Configuration
 .text.GPIO_Configuration
                0x08000890      0x108 main.o
                0x08000890                GPIO_Configuration
 .text.NVIC_Configuration
                0x08000998       0x7c main.o
                0x08000998                NVIC_Configuration
 .text.startup.main
                0x08000a14       0xf4 main.o
                0x08000a14                main
 .text.NMIException
                0x08000b08        0x2 stm32f10x_it.o
                0x08000b08                NMIException
 .text.HardFaultException
                0x08000b0a        0x2 stm32f10x_it.o
                0x08000b0a                HardFaultException
 .text.MemManageException
                0x08000b0c        0x2 stm32f10x_it.o
                0x08000b0c                MemManageException
 .text.BusFaultException
                0x08000b0e        0x2 stm32f10x_it.o
                0x08000b0e                BusFaultException
 .text.UsageFaultException
                0x08000b10        0x2 stm32f10x_it.o
                0x08000b10                UsageFaultException
 .text.DebugMonitor
                0x08000b12        0x2 stm32f10x_it.o
                0x08000b12                DebugMonitor
 .text.SVCHandler
                0x08000b14        0x2 stm32f10x_it.o
                0x08000b14                SVCHandler
 .text.PendSVC  0x08000b16        0x2 stm32f10x_it.o
                0x08000b16                PendSVC
 .text.SysTickHandler
                0x08000b18       0x14 stm32f10x_it.o
                0x08000b18                SysTickHandler
 .text.WWDG_IRQHandler
                0x08000b2c        0x2 stm32f10x_it.o
                0x08000b2c                WWDG_IRQHandler
 .text.PVD_IRQHandler
                0x08000b2e        0x2 stm32f10x_it.o
                0x08000b2e                PVD_IRQHandler
 .text.TAMPER_IRQHandler
                0x08000b30        0x2 stm32f10x_it.o
                0x08000b30                TAMPER_IRQHandler
 .text.RTC_IRQHandler
                0x08000b32        0x2 stm32f10x_it.o
                0x08000b32                RTC_IRQHandler
 .text.FLASH_IRQHandler
                0x08000b34        0x2 stm32f10x_it.o
                0x08000b34                FLASH_IRQHandler
 .text.RCC_IRQHandler
                0x08000b36        0x2 stm32f10x_it.o
                0x08000b36                RCC_IRQHandler
 .text.EXTI0_IRQHandler
                0x08000b38        0x2 stm32f10x_it.o
                0x08000b38                EXTI0_IRQHandler
 .text.EXTI1_IRQHandler
                0x08000b3a        0x2 stm32f10x_it.o
                0x08000b3a                EXTI1_IRQHandler
 .text.EXTI2_IRQHandler
                0x08000b3c        0x2 stm32f10x_it.o
                0x08000b3c                EXTI2_IRQHandler
 .text.EXTI3_IRQHandler
                0x08000b3e        0x2 stm32f10x_it.o
                0x08000b3e                EXTI3_IRQHandler
 .text.EXTI4_IRQHandler
                0x08000b40        0x2 stm32f10x_it.o
                0x08000b40                EXTI4_IRQHandler
 .text.ADC1_2_IRQHandler
                0x08000b42        0x2 stm32f10x_it.o
                0x08000b42                ADC1_2_IRQHandler
 .text.USB_HP_CAN_TX_IRQHandler
                0x08000b44        0x2 stm32f10x_it.o
                0x08000b44                USB_HP_CAN_TX_IRQHandler
 .text.USB_LP_CAN_RX0_IRQHandler
                0x08000b46        0x4 stm32f10x_it.o
                0x08000b46                USB_LP_CAN_RX0_IRQHandler
 .text.CAN_RX1_IRQHandler
                0x08000b4a        0x2 stm32f10x_it.o
                0x08000b4a                CAN_RX1_IRQHandler
 .text.CAN_SCE_IRQHandler
                0x08000b4c        0x2 stm32f10x_it.o
                0x08000b4c                CAN_SCE_IRQHandler
 .text.EXTI9_5_IRQHandler
                0x08000b4e        0x2 stm32f10x_it.o
                0x08000b4e                EXTI9_5_IRQHandler
 .text.TIM1_BRK_IRQHandler
                0x08000b50        0x2 stm32f10x_it.o
                0x08000b50                TIM1_BRK_IRQHandler
 .text.TIM1_UP_IRQHandler
                0x08000b52        0x2 stm32f10x_it.o
                0x08000b52                TIM1_UP_IRQHandler
 .text.TIM1_TRG_COM_IRQHandler
                0x08000b54        0x2 stm32f10x_it.o
                0x08000b54                TIM1_TRG_COM_IRQHandler
 .text.TIM1_CC_IRQHandler
                0x08000b56        0x2 stm32f10x_it.o
                0x08000b56                TIM1_CC_IRQHandler
 .text.TIM2_IRQHandler
                0x08000b58       0x14 stm32f10x_it.o
                0x08000b58                TIM2_IRQHandler
 .text.TIM3_IRQHandler
                0x08000b6c        0x2 stm32f10x_it.o
                0x08000b6c                TIM3_IRQHandler
 .text.TIM4_IRQHandler
                0x08000b6e        0x2 stm32f10x_it.o
                0x08000b6e                TIM4_IRQHandler
 .text.I2C1_EV_IRQHandler
                0x08000b70        0x2 stm32f10x_it.o
                0x08000b70                I2C1_EV_IRQHandler
 .text.I2C1_ER_IRQHandler
                0x08000b72        0x2 stm32f10x_it.o
                0x08000b72                I2C1_ER_IRQHandler
 .text.I2C2_EV_IRQHandler
                0x08000b74        0x2 stm32f10x_it.o
                0x08000b74                I2C2_EV_IRQHandler
 .text.I2C2_ER_IRQHandler
                0x08000b76        0x2 stm32f10x_it.o
                0x08000b76                I2C2_ER_IRQHandler
 .text.SPI1_IRQHandler
                0x08000b78        0x2 stm32f10x_it.o
                0x08000b78                SPI1_IRQHandler
 .text.SPI2_IRQHandler
                0x08000b7a        0x2 stm32f10x_it.o
                0x08000b7a                SPI2_IRQHandler
 .text.USART1_IRQHandler
                0x08000b7c       0x34 stm32f10x_it.o
                0x08000b7c                USART1_IRQHandler
 .text.USART2_IRQHandler
                0x08000bb0       0x3c stm32f10x_it.o
                0x08000bb0                USART2_IRQHandler
 .text.USART3_IRQHandler
                0x08000bec        0x2 stm32f10x_it.o
                0x08000bec                USART3_IRQHandler
 .text.EXTI15_10_IRQHandler
                0x08000bee        0x2 stm32f10x_it.o
                0x08000bee                EXTI15_10_IRQHandler
 .text.RTCAlarm_IRQHandler
                0x08000bf0        0x2 stm32f10x_it.o
                0x08000bf0                RTCAlarm_IRQHandler
 .text.USBWakeUp_IRQHandler
                0x08000bf2        0x2 stm32f10x_it.o
                0x08000bf2                USBWakeUp_IRQHandler
 .text.TIM8_BRK_IRQHandler
                0x08000bf4        0x2 stm32f10x_it.o
                0x08000bf4                TIM8_BRK_IRQHandler
 .text.TIM8_UP_IRQHandler
                0x08000bf6        0x2 stm32f10x_it.o
                0x08000bf6                TIM8_UP_IRQHandler
 .text.TIM8_TRG_COM_IRQHandler
                0x08000bf8        0x2 stm32f10x_it.o
                0x08000bf8                TIM8_TRG_COM_IRQHandler
 .text.TIM8_CC_IRQHandler
                0x08000bfa        0x2 stm32f10x_it.o
                0x08000bfa                TIM8_CC_IRQHandler
 .text.ADC3_IRQHandler
                0x08000bfc        0x2 stm32f10x_it.o
                0x08000bfc                ADC3_IRQHandler
 .text.FSMC_IRQHandler
                0x08000bfe        0x2 stm32f10x_it.o
                0x08000bfe                FSMC_IRQHandler
 .text.SDIO_IRQHandler
                0x08000c00        0x2 stm32f10x_it.o
                0x08000c00                SDIO_IRQHandler
 .text.TIM5_IRQHandler
                0x08000c02        0x2 stm32f10x_it.o
                0x08000c02                TIM5_IRQHandler
 .text.SPI3_IRQHandler
                0x08000c04        0x2 stm32f10x_it.o
                0x08000c04                SPI3_IRQHandler
 .text.UART4_IRQHandler
                0x08000c06        0x2 stm32f10x_it.o
                0x08000c06                UART4_IRQHandler
 .text.UART5_IRQHandler
                0x08000c08        0x2 stm32f10x_it.o
                0x08000c08                UART5_IRQHandler
 .text.TIM6_IRQHandler
                0x08000c0a        0x2 stm32f10x_it.o
                0x08000c0a                TIM6_IRQHandler
 .text.TIM7_IRQHandler
                0x08000c0c        0x2 stm32f10x_it.o
                0x08000c0c                TIM7_IRQHandler
 .text.DMA2_Channel1_IRQHandler
                0x08000c0e        0x2 stm32f10x_it.o
                0x08000c0e                DMA2_Channel1_IRQHandler
 .text.DMA2_Channel2_IRQHandler
                0x08000c10        0x2 stm32f10x_it.o
                0x08000c10                DMA2_Channel2_IRQHandler
 .text.DMA2_Channel3_IRQHandler
                0x08000c12        0x2 stm32f10x_it.o
                0x08000c12                DMA2_Channel3_IRQHandler
 .text.DMA2_Channel4_5_IRQHandler
                0x08000c14        0x2 stm32f10x_it.o
                0x08000c14                DMA2_Channel4_5_IRQHandler
 *fill*         0x08000c16        0x2 
 .text.EP1_IN_Callback
                0x08000c18        0xc usb_endp.o
                0x08000c18                EP1_IN_Callback
 .text.WriteFlash64
                0x08000c24      0x104 usb_endp.o
                0x08000c24                WriteFlash64
 .text.EP3_OUT_Callback
                0x08000d28       0x5c usb_endp.o
                0x08000d28                EP3_OUT_Callback
 .text.__USBCDC_ISR
                0x08000d84       0x6c usb_istr.o
                0x08000d84                __USBCDC_ISR
 .text.Virtual_Com_Port_SetConfiguration
                0x08000df0       0x18 usb_prop.o
                0x08000df0                Virtual_Com_Port_SetConfiguration
 .text.Virtual_Com_Port_SetDeviceAddress
                0x08000e08        0xc usb_prop.o
                0x08000e08                Virtual_Com_Port_SetDeviceAddress
 .text.Virtual_Com_Port_Status_In
                0x08000e14       0x14 usb_prop.o
                0x08000e14                Virtual_Com_Port_Status_In
 .text.Virtual_Com_Port_Status_Out
                0x08000e28        0x2 usb_prop.o
                0x08000e28                Virtual_Com_Port_Status_Out
 *fill*         0x08000e2a        0x2 
 .text.Virtual_Com_Port_Data_Setup
                0x08000e2c       0x5c usb_prop.o
                0x08000e2c                Virtual_Com_Port_Data_Setup
 .text.Virtual_Com_Port_NoData_Setup
                0x08000e88       0x24 usb_prop.o
                0x08000e88                Virtual_Com_Port_NoData_Setup
 .text.Virtual_Com_Port_Get_Interface_Setting
                0x08000eac       0x10 usb_prop.o
                0x08000eac                Virtual_Com_Port_Get_Interface_Setting
 .text.Virtual_Com_Port_GetLineCoding
                0x08000ebc       0x18 usb_prop.o
                0x08000ebc                Virtual_Com_Port_GetLineCoding
 .text.Virtual_Com_Port_SetLineCoding
                0x08000ed4       0x2c usb_prop.o
                0x08000ed4                Virtual_Com_Port_SetLineCoding
 .text.Virtual_Com_Port_init
                0x08000f00       0x24 usb_prop.o
                0x08000f00                Virtual_Com_Port_init
 .text.Virtual_Com_Port_Reset
                0x08000f24       0xe0 usb_prop.o
                0x08000f24                Virtual_Com_Port_Reset
 .text.Virtual_Com_Port_GetDeviceDescriptor
                0x08001004        0xc usb_prop.o
                0x08001004                Virtual_Com_Port_GetDeviceDescriptor
 .text.Virtual_Com_Port_GetConfigDescriptor
                0x08001010        0xc usb_prop.o
                0x08001010                Virtual_Com_Port_GetConfigDescriptor
 .text.Virtual_Com_Port_GetStringDescriptor
                0x0800101c       0x20 usb_prop.o
                0x0800101c                Virtual_Com_Port_GetStringDescriptor
 .text.IntToUnicode
                0x0800103c       0x28 USBInit.o
 .text.PowerOn  0x08001064       0x38 USBInit.o
                0x08001064                PowerOn
 .text.USB_Cable_Config
                0x0800109c       0x1c USBInit.o
                0x0800109c                USB_Cable_Config
 .text.PowerOff
                0x080010b8       0x24 USBInit.o
                0x080010b8                PowerOff
 .text.UsbVcpDisconnect
                0x080010dc        0x4 USBInit.o
                0x080010dc                UsbVcpDisconnect
 .text.Get_SerialNum
                0x080010e0       0x34 USBInit.o
                0x080010e0                Get_SerialNum
 .text.USB_TxDByte
                0x08001114       0x2a USBInit.o
                0x08001114                USB_TxDByte
 *fill*         0x0800113e        0x2 
 .text.FLASH_SetLatency
                0x08001140       0x18 lib/libstm32.a(stm32f10x_flash.o)
                0x08001140                FLASH_SetLatency
 .text.FLASH_PrefetchBufferCmd
                0x08001158       0x18 lib/libstm32.a(stm32f10x_flash.o)
                0x08001158                FLASH_PrefetchBufferCmd
 .text.FLASH_Unlock
                0x08001170       0x18 lib/libstm32.a(stm32f10x_flash.o)
                0x08001170                FLASH_Unlock
 .text.FLASH_Lock
                0x08001188       0x10 lib/libstm32.a(stm32f10x_flash.o)
                0x08001188                FLASH_Lock
 .text.FLASH_ClearFlag
                0x08001198        0xc lib/libstm32.a(stm32f10x_flash.o)
                0x08001198                FLASH_ClearFlag
 .text.FLASH_GetStatus
                0x080011a4       0x28 lib/libstm32.a(stm32f10x_flash.o)
                0x080011a4                FLASH_GetStatus
 .text.FLASH_WaitForLastOperation
                0x080011cc       0x36 lib/libstm32.a(stm32f10x_flash.o)
                0x080011cc                FLASH_WaitForLastOperation
 *fill*         0x08001202        0x2 
 .text.FLASH_ErasePage
                0x08001204       0x40 lib/libstm32.a(stm32f10x_flash.o)
                0x08001204                FLASH_ErasePage
 .text.FLASH_ProgramWord
                0x08001244       0x48 lib/libstm32.a(stm32f10x_flash.o)
                0x08001244                FLASH_ProgramWord
 .text.IWDG_WriteAccessCmd
                0x0800128c        0xc lib/libstm32.a(stm32f10x_iwdg.o)
                0x0800128c                IWDG_WriteAccessCmd
 .text.IWDG_SetPrescaler
                0x08001298        0xc lib/libstm32.a(stm32f10x_iwdg.o)
                0x08001298                IWDG_SetPrescaler
 .text.IWDG_SetReload
                0x080012a4        0xc lib/libstm32.a(stm32f10x_iwdg.o)
                0x080012a4                IWDG_SetReload
 .text.GPIO_Init
                0x080012b0       0x9c lib/libstm32.a(stm32f10x_gpio.o)
                0x080012b0                GPIO_Init
 .text.GPIO_ReadInputDataBit
                0x0800134c        0xc lib/libstm32.a(stm32f10x_gpio.o)
                0x0800134c                GPIO_ReadInputDataBit
 .text.GPIO_SetBits
                0x08001358        0x4 lib/libstm32.a(stm32f10x_gpio.o)
                0x08001358                GPIO_SetBits
 .text.GPIO_ResetBits
                0x0800135c        0x4 lib/libstm32.a(stm32f10x_gpio.o)
                0x0800135c                GPIO_ResetBits
 .text.GPIO_PinRemapConfig
                0x08001360       0x54 lib/libstm32.a(stm32f10x_gpio.o)
                0x08001360                GPIO_PinRemapConfig
 .text.NVIC_PriorityGroupConfig
                0x080013b4       0x14 lib/libstm32.a(stm32f10x_nvic.o)
                0x080013b4                NVIC_PriorityGroupConfig
 .text.NVIC_Init
                0x080013c8       0x84 lib/libstm32.a(stm32f10x_nvic.o)
                0x080013c8                NVIC_Init
 .text.NVIC_SetVectorTable
                0x0800144c       0x14 lib/libstm32.a(stm32f10x_nvic.o)
                0x0800144c                NVIC_SetVectorTable
 .text.NVIC_GenerateSystemReset
                0x08001460       0x18 lib/libstm32.a(stm32f10x_nvic.o)
                0x08001460                NVIC_GenerateSystemReset
 .text.RCC_DeInit
                0x08001478       0x3c lib/libstm32.a(stm32f10x_rcc.o)
                0x08001478                RCC_DeInit
 .text.RCC_HSEConfig
                0x080014b4       0x38 lib/libstm32.a(stm32f10x_rcc.o)
                0x080014b4                RCC_HSEConfig
 .text.RCC_PLLConfig
                0x080014ec       0x14 lib/libstm32.a(stm32f10x_rcc.o)
                0x080014ec                RCC_PLLConfig
 .text.RCC_PLLCmd
                0x08001500        0xc lib/libstm32.a(stm32f10x_rcc.o)
                0x08001500                RCC_PLLCmd
 .text.RCC_SYSCLKConfig
                0x0800150c       0x14 lib/libstm32.a(stm32f10x_rcc.o)
                0x0800150c                RCC_SYSCLKConfig
 .text.RCC_GetSYSCLKSource
                0x08001520       0x10 lib/libstm32.a(stm32f10x_rcc.o)
                0x08001520                RCC_GetSYSCLKSource
 .text.RCC_HCLKConfig
                0x08001530       0x14 lib/libstm32.a(stm32f10x_rcc.o)
                0x08001530                RCC_HCLKConfig
 .text.RCC_PCLK1Config
                0x08001544       0x14 lib/libstm32.a(stm32f10x_rcc.o)
                0x08001544                RCC_PCLK1Config
 .text.RCC_PCLK2Config
                0x08001558       0x14 lib/libstm32.a(stm32f10x_rcc.o)
                0x08001558                RCC_PCLK2Config
 .text.RCC_USBCLKConfig
                0x0800156c        0xc lib/libstm32.a(stm32f10x_rcc.o)
                0x0800156c                RCC_USBCLKConfig
 .text.RCC_GetClocksFreq
                0x08001578       0x84 lib/libstm32.a(stm32f10x_rcc.o)
                0x08001578                RCC_GetClocksFreq
 .text.RCC_APB2PeriphClockCmd
                0x080015fc       0x18 lib/libstm32.a(stm32f10x_rcc.o)
                0x080015fc                RCC_APB2PeriphClockCmd
 .text.RCC_APB1PeriphClockCmd
                0x08001614       0x18 lib/libstm32.a(stm32f10x_rcc.o)
                0x08001614                RCC_APB1PeriphClockCmd
 .text.RCC_APB2PeriphResetCmd
                0x0800162c       0x18 lib/libstm32.a(stm32f10x_rcc.o)
                0x0800162c                RCC_APB2PeriphResetCmd
 .text.RCC_APB1PeriphResetCmd
                0x08001644       0x18 lib/libstm32.a(stm32f10x_rcc.o)
                0x08001644                RCC_APB1PeriphResetCmd
 .text.RCC_GetFlagStatus
                0x0800165c       0x28 lib/libstm32.a(stm32f10x_rcc.o)
                0x0800165c                RCC_GetFlagStatus
 .text.RCC_WaitForHSEStartUp
                0x08001684       0x2e lib/libstm32.a(stm32f10x_rcc.o)
                0x08001684                RCC_WaitForHSEStartUp
 *fill*         0x080016b2        0x2 
 .text.RCC_ClearFlag
                0x080016b4       0x10 lib/libstm32.a(stm32f10x_rcc.o)
                0x080016b4                RCC_ClearFlag
 .text.TIM_TimeBaseInit
                0x080016c4       0x3c lib/libstm32.a(stm32f10x_tim.o)
                0x080016c4                TIM_TimeBaseInit
 .text.TIM_Cmd  0x08001700       0x18 lib/libstm32.a(stm32f10x_tim.o)
                0x08001700                TIM_Cmd
 .text.TIM_ITConfig
                0x08001718       0x12 lib/libstm32.a(stm32f10x_tim.o)
                0x08001718                TIM_ITConfig
 .text.TIM_PrescalerConfig
                0x0800172a        0x6 lib/libstm32.a(stm32f10x_tim.o)
                0x0800172a                TIM_PrescalerConfig
 .text.TIM_ClearFlag
                0x08001730        0x8 lib/libstm32.a(stm32f10x_tim.o)
                0x08001730                TIM_ClearFlag
 .text.TIM_ClearITPendingBit
                0x08001738        0x8 lib/libstm32.a(stm32f10x_tim.o)
                0x08001738                TIM_ClearITPendingBit
 .text.SysTick_SetReload
                0x08001740        0xc lib/libstm32.a(stm32f10x_systick.o)
                0x08001740                SysTick_SetReload
 .text.SysTick_CounterCmd
                0x0800174c       0x28 lib/libstm32.a(stm32f10x_systick.o)
                0x0800174c                SysTick_CounterCmd
 .text.SysTick_ITConfig
                0x08001774       0x18 lib/libstm32.a(stm32f10x_systick.o)
                0x08001774                SysTick_ITConfig
 .text.USART_DeInit
                0x0800178c       0x94 lib/libstm32.a(stm32f10x_usart.o)
                0x0800178c                USART_DeInit
 .text.USART_Init
                0x08001820       0x88 lib/libstm32.a(stm32f10x_usart.o)
                0x08001820                USART_Init
 .text.USART_StructInit
                0x080018a8       0x16 lib/libstm32.a(stm32f10x_usart.o)
                0x080018a8                USART_StructInit
 .text.USART_Cmd
                0x080018be       0x18 lib/libstm32.a(stm32f10x_usart.o)
                0x080018be                USART_Cmd
 .text.USART_ITConfig
                0x080018d6       0x32 lib/libstm32.a(stm32f10x_usart.o)
                0x080018d6                USART_ITConfig
 .text.USART_SendData
                0x08001908        0x8 lib/libstm32.a(stm32f10x_usart.o)
                0x08001908                USART_SendData
 .text.USART_ReceiveData
                0x08001910        0x8 lib/libstm32.a(stm32f10x_usart.o)
                0x08001910                USART_ReceiveData
 .text.USART_GetFlagStatus
                0x08001918        0xc lib/libstm32.a(stm32f10x_usart.o)
                0x08001918                USART_GetFlagStatus
 .text.USART_ClearFlag
                0x08001924        0x8 lib/libstm32.a(stm32f10x_usart.o)
                0x08001924                USART_ClearFlag
 .text.USART_GetITStatus
                0x0800192c       0x3e lib/libstm32.a(stm32f10x_usart.o)
                0x0800192c                USART_GetITStatus
 *fill*         0x0800196a        0x2 
 .text.Reset_Handler
                0x0800196c       0x50 lib/libstm32.a(stm32f10x_vector.o)
                0x0800196c                Reset_Handler
 .text.USB_Init
                0x080019bc       0x34 lib/libstm32.a(usb_init.o)
                0x080019bc                USB_Init
 .text.Standard_GetConfiguration
                0x080019f0       0x24 lib/libstm32.a(usb_core.o)
                0x080019f0                Standard_GetConfiguration
 .text.Standard_GetInterface
                0x08001a14       0x24 lib/libstm32.a(usb_core.o)
                0x08001a14                Standard_GetInterface
 .text.Standard_GetStatus
                0x08001a38       0x90 lib/libstm32.a(usb_core.o)
                0x08001a38                Standard_GetStatus
 .text.DataStageIn
                0x08001ac8       0xac lib/libstm32.a(usb_core.o)
 .text.Standard_SetConfiguration
                0x08001b74       0x38 lib/libstm32.a(usb_core.o)
                0x08001b74                Standard_SetConfiguration
 .text.Standard_SetInterface
                0x08001bac       0x48 lib/libstm32.a(usb_core.o)
                0x08001bac                Standard_SetInterface
 .text.Standard_ClearFeature
                0x08001bf4       0xd8 lib/libstm32.a(usb_core.o)
                0x08001bf4                Standard_ClearFeature
 .text.Standard_SetEndPointFeature
                0x08001ccc       0x8c lib/libstm32.a(usb_core.o)
                0x08001ccc                Standard_SetEndPointFeature
 .text.Standard_SetDeviceFeature
                0x08001d58       0x24 lib/libstm32.a(usb_core.o)
                0x08001d58                Standard_SetDeviceFeature
 .text.Standard_GetDescriptorData
                0x08001d7c       0x1c lib/libstm32.a(usb_core.o)
                0x08001d7c                Standard_GetDescriptorData
 .text.Post0_Process
                0x08001d98       0x44 lib/libstm32.a(usb_core.o)
                0x08001d98                Post0_Process
 .text.Setup0_Process
                0x08001ddc      0x2dc lib/libstm32.a(usb_core.o)
                0x08001ddc                Setup0_Process
 .text.Out0_Process
                0x080020b8       0xcc lib/libstm32.a(usb_core.o)
                0x080020b8                Out0_Process
 .text.SetDeviceAddress
                0x08002184       0x40 lib/libstm32.a(usb_core.o)
                0x08002184                SetDeviceAddress
 .text.In0_Process
                0x080021c4       0x5c lib/libstm32.a(usb_core.o)
                0x080021c4                In0_Process
 .text.NOP_Process
                0x08002220        0x2 lib/libstm32.a(usb_core.o)
                0x08002220                NOP_Process
 .text.UserToPMABufferCopy
                0x08002222       0x30 lib/libstm32.a(usb_mem.o)
                0x08002222                UserToPMABufferCopy
 .text.PMAToUserBufferCopy
                0x08002252       0x24 lib/libstm32.a(usb_mem.o)
                0x08002252                PMAToUserBufferCopy
 *fill*         0x08002276        0x2 
 .text.SetBTABLE
                0x08002278       0x10 lib/libstm32.a(usb_regs.o)
                0x08002278                SetBTABLE
 .text.SetEPType
                0x08002288       0x1c lib/libstm32.a(usb_regs.o)
                0x08002288                SetEPType
 .text.SetEPTxStatus
                0x080022a4       0x32 lib/libstm32.a(usb_regs.o)
                0x080022a4                SetEPTxStatus
 .text.SetEPRxStatus
                0x080022d6       0x32 lib/libstm32.a(usb_regs.o)
                0x080022d6                SetEPRxStatus
 .text.SetEPTxValid
                0x08002308       0x26 lib/libstm32.a(usb_regs.o)
                0x08002308                SetEPTxValid
 .text.SetEPRxValid
                0x0800232e       0x26 lib/libstm32.a(usb_regs.o)
                0x0800232e                SetEPRxValid
 .text.Clear_Status_Out
                0x08002354       0x20 lib/libstm32.a(usb_regs.o)
                0x08002354                Clear_Status_Out
 .text.ClearDTOG_RX
                0x08002374       0x26 lib/libstm32.a(usb_regs.o)
                0x08002374                ClearDTOG_RX
 .text.ClearDTOG_TX
                0x0800239a       0x26 lib/libstm32.a(usb_regs.o)
                0x0800239a                ClearDTOG_TX
 .text.SetEPTxAddr
                0x080023c0       0x20 lib/libstm32.a(usb_regs.o)
                0x080023c0                SetEPTxAddr
 .text.SetEPRxAddr
                0x080023e0       0x20 lib/libstm32.a(usb_regs.o)
                0x080023e0                SetEPRxAddr
 .text.GetEPTxAddr
                0x08002400       0x20 lib/libstm32.a(usb_regs.o)
                0x08002400                GetEPTxAddr
 .text.GetEPRxAddr
                0x08002420       0x20 lib/libstm32.a(usb_regs.o)
                0x08002420                GetEPRxAddr
 .text.SetEPTxCount
                0x08002440       0x1c lib/libstm32.a(usb_regs.o)
                0x08002440                SetEPTxCount
 .text.SetEPRxCount
                0x0800245c       0x40 lib/libstm32.a(usb_regs.o)
                0x0800245c                SetEPRxCount
 .text.GetEPRxCount
                0x0800249c       0x20 lib/libstm32.a(usb_regs.o)
                0x0800249c                GetEPRxCount
 .text.ByteSwap
                0x080024bc        0xa lib/libstm32.a(usb_regs.o)
                0x080024bc                ByteSwap
 *fill*         0x080024c6        0x2 
 .text.USB_SIL_Init
                0x080024c8       0x20 lib/libstm32.a(usb_sil.o)
                0x080024c8                USB_SIL_Init
 .text.USB_SIL_Read
                0x080024e8       0x24 lib/libstm32.a(usb_sil.o)
                0x080024e8                USB_SIL_Read
 .text.CTR_LP   0x0800250c      0x16c lib/libstm32.a(usb_int.o)
                0x0800250c                CTR_LP
 *(.rodata)
 .rodata        0x08002678       0x24 main.o
 .rodata        0x0800269c       0x9f usb_desc.o
                0x0800269c                Virtual_Com_Port_StringProduct
                0x080026d0                Virtual_Com_Port_StringVendor
                0x080026e2                Virtual_Com_Port_StringLangID
                0x080026e6                Virtual_Com_Port_ConfigDescriptor
                0x08002729                Virtual_Com_Port_DeviceDescriptor
 .rodata        0x0800273b       0x14 lib/libstm32.a(stm32f10x_rcc.o)
 *(.rodata*)
 .rodata.str1.1
                0x0800274f       0xb3 main.o
                                 0xb8 (size before relaxing)
 .rodata.str1.1
                0x08002802       0x42 usb_endp.o
 *(.glue_7)
 .glue_7        0x00000000        0x0 linker stubs
 *(.glue_7t)
 .glue_7t       0x00000000        0x0 linker stubs
                0x08002844                . = ALIGN (0x4)
                0x08002844                _etext = .
                0x08002844                _sidata = _etext

.vfp11_veneer   0x08002844        0x0
 .vfp11_veneer  0x00000000        0x0 linker stubs

.v4_bx          0x08002844        0x0
 .v4_bx         0x00000000        0x0 linker stubs

.iplt           0x08002844        0x0
 .iplt          0x00000000        0x0 c:/program files (x86)/gnu tools arm embedded/4.9 2015q2/bin/../lib/gcc/arm-none-eabi/4.9.3/crtbegin.o

.rel.dyn        0x08002844        0x0
 .rel.iplt      0x00000000        0x0 c:/program files (x86)/gnu tools arm embedded/4.9 2015q2/bin/../lib/gcc/arm-none-eabi/4.9.3/crtbegin.o

.data           0x20000000       0xe4 load address 0x08002844
                0x20000000                . = ALIGN (0x4)
                0x20000000                _sdata = .
 *(.data)
 .data          0x20000000        0x1 main.o
                0x20000000                gbIsFlashLock
 .data          0x20000001       0x1a usb_desc.o
                0x20000001                Virtual_Com_Port_StringSerial
 *fill*         0x2000001b        0x1 
 .data          0x2000001c       0x38 usb_istr.o
                0x2000001c                pEpInt_OUT
                0x20000038                pEpInt_IN
 .data          0x20000054       0x8e usb_prop.o
                0x20000054                linecoding
                0x2000005c                Device_Property
                0x2000008c                Device_Descriptor
                0x20000094                Config_Descriptor
                0x2000009c                String_Descriptor
                0x200000bc                User_Standard_Requests
                0x200000e0                Device_Table
 *(.data.*)
                0x200000e4                . = ALIGN (0x4)
 *fill*         0x200000e2        0x2 
                0x200000e4                _edata = .

.igot.plt       0x200000e4        0x0 load address 0x08002928
 .igot.plt      0x00000000        0x0 c:/program files (x86)/gnu tools arm embedded/4.9 2015q2/bin/../lib/gcc/arm-none-eabi/4.9.3/crtbegin.o

.bss            0x200000e4      0x63c load address 0x08002928
                0x200000e4                . = ALIGN (0x4)
                0x200000e4                _sbss = .
 *(.bss)
 .bss           0x200000e4       0x28 main.o
                0x200000e4                gu32TimingCounter1ms
                0x200000e8                gu32TimingCounter1ms_Txd
                0x200000ec                gbCount
                0x200000f0                gwAddressPointer
                0x200000f4                gwEndAddressPointer
                0x200000f8                gwCalculatedCheckSum
                0x200000fc                gwRxTotalCount
                0x20000100                gbFlashDownloadStart
                0x20000104                gwReceivedCheckSumFromHost
                0x20000108                gwWriteProtectedPages
 .bss           0x2000010c        0x4 stm32f10x_it.o
 .bss           0x20000110        0x8 usb_endp.o
                0x20000110                FinishToSend
                0x20000112                USB_Rx_Cnt
 .bss           0x20000118        0x1 usb_istr.o
                0x20000118                bIntPackSOF
 *fill*         0x20000119        0x3 
 .bss           0x2000011c        0x8 usb_prop.o
                0x2000011c                Request
                0x20000120                comstatetemp
 .bss           0x20000124        0xc USBInit.o
                0x20000124                bDeviceState
                0x20000128                USB_Tx_State
                0x2000012c                USART_Rx_length
 .bss           0x20000130        0x1 lib/libstm32.a(usb_core.o)
                0x20000130                Data_Mul_MaxPacketSize
 *(COMMON)
 *fill*         0x20000131        0x3 
 COMMON         0x20000134      0x571 main.o
                0x20000134                HSEStartUpStatus
                0x20000135                gbDXLReadPointer
                0x20000138                TimingDelay
                0x2000013c                gwUSARTWritePtr
                0x2000013e                gbpRxBuffer
                0x20000190                gwUSARTReadPtr
                0x20000194                USART_InitStructure
                0x200001a4                gwpUSARTBuffer
                0x200005a4                gbpDXLDataBuffer
                0x200006a4                gbDXLWritePointer
 COMMON         0x200006a5       0x40 usb_endp.o
                0x200006a5                USB_Rx_Buffer
 *fill*         0x200006e5        0x1 
 COMMON         0x200006e6        0x2 usb_istr.o
                0x200006e6                wIstr
 COMMON         0x200006e8       0x32 lib/libstm32.a(usb_init.o)
                0x200006e8                SaveState
                0x200006ec                pProperty
                0x200006f0                EPindex
                0x200006f4                Device_Info
                0x20000710                pUser_Standard_Requests
                0x20000714                pInformation
                0x20000718                wInterrupt_Mask
 COMMON         0x2000071a        0x2 lib/libstm32.a(usb_core.o)
                0x2000071a                StatusInfo
 COMMON         0x2000071c        0x4 lib/libstm32.a(usb_int.o)
                0x2000071c                SaveRState
                0x2000071e                SaveTState
                0x20000720                . = ALIGN (0x4)
                0x20000720                _ebss = .
                0x20000720                PROVIDE (end, _ebss)
                0x20000720                PROVIDE (_end, _ebss)

._usrstack      0x20000720      0x100 load address 0x08002f64
                0x20000720                . = ALIGN (0x4)
                0x20000720                _susrstack = .
                0x20000820                . = (. + _Minimum_Stack_Size)
 *fill*         0x20000720      0x100 
                0x20000820                . = ALIGN (0x4)
                0x20000820                _eusrstack = .

.b1text
 *(.b1text)
 *(.b1rodata)
 *(.b1rodata*)

.eb0text
 *(.eb0text)
 *(.eb0rodata)
 *(.eb0rodata*)

.eb1text
 *(.eb1text)
 *(.eb1rodata)
 *(.eb1rodata*)

.eb2text
 *(.eb2text)
 *(.eb2rodata)
 *(.eb2rodata*)

.eb3text
 *(.eb3text)
 *(.eb3rodata)
 *(.eb3rodata*)
                0x20000820                __exidx_start = .
                0x20000820                __exidx_end = .

/DISCARD/
 libc.a(*)
 libm.a(*)
 libgcc.a(*)

.stab
 *(.stab)

.stabstr
 *(.stabstr)

.stab.excl
 *(.stab.excl)

.stab.exclstr
 *(.stab.exclstr)

.stab.index
 *(.stab.index)

.stab.indexstr
 *(.stab.indexstr)

.comment        0x00000000       0x70
 *(.comment)
 .comment       0x00000000       0x70 main.o
                                 0x71 (size before relaxing)
 .comment       0x00000000       0x71 stm32f10x_it.o
 .comment       0x00000000       0x71 usb_desc.o
 .comment       0x00000000       0x71 usb_endp.o
 .comment       0x00000000       0x71 usb_istr.o
 .comment       0x00000000       0x71 usb_prop.o
 .comment       0x00000000       0x71 USBInit.o
 .comment       0x00000000       0x71 lib/libstm32.a(stm32f10x_flash.o)
 .comment       0x00000000       0x71 lib/libstm32.a(stm32f10x_iwdg.o)
 .comment       0x00000000       0x71 lib/libstm32.a(stm32f10x_gpio.o)
 .comment       0x00000000       0x71 lib/libstm32.a(stm32f10x_nvic.o)
 .comment       0x00000000       0x71 lib/libstm32.a(stm32f10x_rcc.o)
 .comment       0x00000000       0x71 lib/libstm32.a(stm32f10x_tim.o)
 .comment       0x00000000       0x71 lib/libstm32.a(stm32f10x_systick.o)
 .comment       0x00000000       0x71 lib/libstm32.a(stm32f10x_usart.o)
 .comment       0x00000000       0x71 lib/libstm32.a(stm32f10x_vector.o)
 .comment       0x00000000       0x71 lib/libstm32.a(usb_init.o)
 .comment       0x00000000       0x71 lib/libstm32.a(usb_core.o)
 .comment       0x00000000       0x71 lib/libstm32.a(usb_mem.o)
 .comment       0x00000000       0x71 lib/libstm32.a(usb_regs.o)
 .comment       0x00000000       0x71 lib/libstm32.a(usb_sil.o)
 .comment       0x00000000       0x71 lib/libstm32.a(usb_int.o)

.ARM.attributes
                0x00000000       0x31
 .ARM.attributes
                0x00000000       0x33 main.o
 .ARM.attributes
                0x00000033       0x33 stm32f10x_it.o
 .ARM.attributes
                0x00000066       0x33 usb_desc.o
 .ARM.attributes
                0x00000099       0x33 usb_endp.o
 .ARM.attributes
                0x000000cc       0x33 usb_istr.o
 .ARM.attributes
                0x000000ff       0x33 usb_prop.o
 .ARM.attributes
                0x00000132       0x33 USBInit.o
 .ARM.attributes
                0x00000165       0x33 lib/libstm32.a(stm32f10x_flash.o)
 .ARM.attributes
                0x00000198       0x33 lib/libstm32.a(stm32f10x_iwdg.o)
 .ARM.attributes
                0x000001cb       0x33 lib/libstm32.a(stm32f10x_gpio.o)
 .ARM.attributes
                0x000001fe       0x33 lib/libstm32.a(stm32f10x_nvic.o)
 .ARM.attributes
                0x00000231       0x33 lib/libstm32.a(stm32f10x_rcc.o)
 .ARM.attributes
                0x00000264       0x33 lib/libstm32.a(stm32f10x_tim.o)
 .ARM.attributes
                0x00000297       0x33 lib/libstm32.a(stm32f10x_systick.o)
 .ARM.attributes
                0x000002ca       0x33 lib/libstm32.a(stm32f10x_usart.o)
 .ARM.attributes
                0x000002fd       0x21 lib/libstm32.a(cortexm3_macro.o)
 .ARM.attributes
                0x0000031e       0x33 lib/libstm32.a(stm32f10x_vector.o)
 .ARM.attributes
                0x00000351       0x33 lib/libstm32.a(usb_init.o)
 .ARM.attributes
                0x00000384       0x33 lib/libstm32.a(usb_core.o)
 .ARM.attributes
                0x000003b7       0x33 lib/libstm32.a(usb_mem.o)
 .ARM.attributes
                0x000003ea       0x33 lib/libstm32.a(usb_regs.o)
 .ARM.attributes
                0x0000041d       0x33 lib/libstm32.a(usb_sil.o)
 .ARM.attributes
                0x00000450       0x33 lib/libstm32.a(usb_int.o)

.debug
 *(.debug)

.line
 *(.line)

.debug_srcinfo
 *(.debug_srcinfo)

.debug_sfnames
 *(.debug_sfnames)

.debug_aranges  0x00000000      0xfd0
 *(.debug_aranges)
 .debug_aranges
                0x00000000       0xf0 main.o
 .debug_aranges
                0x000000f0      0x240 stm32f10x_it.o
 .debug_aranges
                0x00000330       0x18 usb_desc.o
 .debug_aranges
                0x00000348       0x38 usb_endp.o
 .debug_aranges
                0x00000380       0x20 usb_istr.o
 .debug_aranges
                0x000003a0       0x88 usb_prop.o
 .debug_aranges
                0x00000428       0x58 USBInit.o
 .debug_aranges
                0x00000480       0xd0 lib/libstm32.a(stm32f10x_flash.o)
 .debug_aranges
                0x00000550       0x48 lib/libstm32.a(stm32f10x_iwdg.o)
 .debug_aranges
                0x00000598       0xa0 lib/libstm32.a(stm32f10x_gpio.o)
 .debug_aranges
                0x00000638      0x108 lib/libstm32.a(stm32f10x_nvic.o)
 .debug_aranges
                0x00000740      0x118 lib/libstm32.a(stm32f10x_rcc.o)
 .debug_aranges
                0x00000858      0x2e0 lib/libstm32.a(stm32f10x_tim.o)
 .debug_aranges
                0x00000b38       0x48 lib/libstm32.a(stm32f10x_systick.o)
 .debug_aranges
                0x00000b80       0xf0 lib/libstm32.a(stm32f10x_usart.o)
 .debug_aranges
                0x00000c70       0x20 lib/libstm32.a(cortexm3_macro.o)
 .debug_aranges
                0x00000c90       0x20 lib/libstm32.a(stm32f10x_vector.o)
 .debug_aranges
                0x00000cb0       0x20 lib/libstm32.a(usb_init.o)
 .debug_aranges
                0x00000cd0       0x98 lib/libstm32.a(usb_core.o)
 .debug_aranges
                0x00000d68       0x28 lib/libstm32.a(usb_mem.o)
 .debug_aranges
                0x00000d90      0x1f0 lib/libstm32.a(usb_regs.o)
 .debug_aranges
                0x00000f80       0x28 lib/libstm32.a(usb_sil.o)
 .debug_aranges
                0x00000fa8       0x28 lib/libstm32.a(usb_int.o)

.debug_pubnames
 *(.debug_pubnames)

.debug_info     0x00000000     0xb224
 *(.debug_info .gnu.linkonce.wi.*)
 .debug_info    0x00000000     0x1d8d main.o
 .debug_info    0x00001d8d      0x9c5 stm32f10x_it.o
 .debug_info    0x00002752      0x128 usb_desc.o
 .debug_info    0x0000287a      0x38a usb_endp.o
 .debug_info    0x00002c04      0x226 usb_istr.o
 .debug_info    0x00002e2a      0xb59 usb_prop.o
 .debug_info    0x00003983      0x504 USBInit.o
 .debug_info    0x00003e87      0x8bb lib/libstm32.a(stm32f10x_flash.o)
 .debug_info    0x00004742      0x1ad lib/libstm32.a(stm32f10x_iwdg.o)
 .debug_info    0x000048ef      0x747 lib/libstm32.a(stm32f10x_gpio.o)
 .debug_info    0x00005036      0x97d lib/libstm32.a(stm32f10x_nvic.o)
 .debug_info    0x000059b3      0x871 lib/libstm32.a(stm32f10x_rcc.o)
 .debug_info    0x00006224     0x1f42 lib/libstm32.a(stm32f10x_tim.o)
 .debug_info    0x00008166      0x20b lib/libstm32.a(stm32f10x_systick.o)
 .debug_info    0x00008371      0xa2c lib/libstm32.a(stm32f10x_usart.o)
 .debug_info    0x00008d9d       0x5c lib/libstm32.a(cortexm3_macro.o)
 .debug_info    0x00008df9       0xf0 lib/libstm32.a(stm32f10x_vector.o)
 .debug_info    0x00008ee9      0x3fa lib/libstm32.a(usb_init.o)
 .debug_info    0x000092e3      0xe29 lib/libstm32.a(usb_core.o)
 .debug_info    0x0000a10c      0x17b lib/libstm32.a(usb_mem.o)
 .debug_info    0x0000a287      0xc97 lib/libstm32.a(usb_regs.o)
 .debug_info    0x0000af1e      0x165 lib/libstm32.a(usb_sil.o)
 .debug_info    0x0000b083      0x1a1 lib/libstm32.a(usb_int.o)

.debug_abbrev   0x00000000     0x27d4
 *(.debug_abbrev)
 .debug_abbrev  0x00000000      0x3d5 main.o
 .debug_abbrev  0x000003d5      0x1cc stm32f10x_it.o
 .debug_abbrev  0x000005a1       0x52 usb_desc.o
 .debug_abbrev  0x000005f3      0x1d4 usb_endp.o
 .debug_abbrev  0x000007c7      0x109 usb_istr.o
 .debug_abbrev  0x000008d0      0x274 usb_prop.o
 .debug_abbrev  0x00000b44      0x29d USBInit.o
 .debug_abbrev  0x00000de1      0x24e lib/libstm32.a(stm32f10x_flash.o)
 .debug_abbrev  0x0000102f      0x101 lib/libstm32.a(stm32f10x_iwdg.o)
 .debug_abbrev  0x00001130      0x1e8 lib/libstm32.a(stm32f10x_gpio.o)
 .debug_abbrev  0x00001318      0x278 lib/libstm32.a(stm32f10x_nvic.o)
 .debug_abbrev  0x00001590      0x227 lib/libstm32.a(stm32f10x_rcc.o)
 .debug_abbrev  0x000017b7      0x2be lib/libstm32.a(stm32f10x_tim.o)
 .debug_abbrev  0x00001a75      0x128 lib/libstm32.a(stm32f10x_systick.o)
 .debug_abbrev  0x00001b9d      0x1ed lib/libstm32.a(stm32f10x_usart.o)
 .debug_abbrev  0x00001d8a       0x14 lib/libstm32.a(cortexm3_macro.o)
 .debug_abbrev  0x00001d9e       0xd8 lib/libstm32.a(stm32f10x_vector.o)
 .debug_abbrev  0x00001e76      0x107 lib/libstm32.a(usb_init.o)
 .debug_abbrev  0x00001f7d      0x403 lib/libstm32.a(usb_core.o)
 .debug_abbrev  0x00002380       0x8b lib/libstm32.a(usb_mem.o)
 .debug_abbrev  0x0000240b      0x1f5 lib/libstm32.a(usb_regs.o)
 .debug_abbrev  0x00002600       0xeb lib/libstm32.a(usb_sil.o)
 .debug_abbrev  0x000026eb       0xe9 lib/libstm32.a(usb_int.o)

.debug_line     0x00000000     0x368d
 *(.debug_line)
 .debug_line    0x00000000      0x5a6 main.o
 .debug_line    0x000005a6      0x4e4 stm32f10x_it.o
 .debug_line    0x00000a8a       0x47 usb_desc.o
 .debug_line    0x00000ad1      0x165 usb_endp.o
 .debug_line    0x00000c36       0x92 usb_istr.o
 .debug_line    0x00000cc8      0x213 usb_prop.o
 .debug_line    0x00000edb      0x187 USBInit.o
 .debug_line    0x00001062      0x312 lib/libstm32.a(stm32f10x_flash.o)
 .debug_line    0x00001374       0xd0 lib/libstm32.a(stm32f10x_iwdg.o)
 .debug_line    0x00001444      0x23e lib/libstm32.a(stm32f10x_gpio.o)
 .debug_line    0x00001682      0x33c lib/libstm32.a(stm32f10x_nvic.o)
 .debug_line    0x000019be      0x31d lib/libstm32.a(stm32f10x_rcc.o)
 .debug_line    0x00001cdb      0x935 lib/libstm32.a(stm32f10x_tim.o)
 .debug_line    0x00002610       0xe2 lib/libstm32.a(stm32f10x_systick.o)
 .debug_line    0x000026f2      0x318 lib/libstm32.a(stm32f10x_usart.o)
 .debug_line    0x00002a0a       0x9a lib/libstm32.a(cortexm3_macro.o)
 .debug_line    0x00002aa4       0x59 lib/libstm32.a(stm32f10x_vector.o)
 .debug_line    0x00002afd       0x8f lib/libstm32.a(usb_init.o)
 .debug_line    0x00002b8c      0x394 lib/libstm32.a(usb_core.o)
 .debug_line    0x00002f20       0xa9 lib/libstm32.a(usb_mem.o)
 .debug_line    0x00002fc9      0x51a lib/libstm32.a(usb_regs.o)
 .debug_line    0x000034e3       0xc1 lib/libstm32.a(usb_sil.o)
 .debug_line    0x000035a4       0xe9 lib/libstm32.a(usb_int.o)

.debug_frame    0x00000000     0x2194
 *(.debug_frame)
 .debug_frame   0x00000000      0x2dc main.o
 .debug_frame   0x000002dc      0x480 stm32f10x_it.o
 .debug_frame   0x0000075c       0x80 usb_endp.o
 .debug_frame   0x000007dc       0x2c usb_istr.o
 .debug_frame   0x00000808      0x108 usb_prop.o
 .debug_frame   0x00000910       0xcc USBInit.o
 .debug_frame   0x000009dc      0x1f0 lib/libstm32.a(stm32f10x_flash.o)
 .debug_frame   0x00000bcc       0x70 lib/libstm32.a(stm32f10x_iwdg.o)
 .debug_frame   0x00000c3c      0x160 lib/libstm32.a(stm32f10x_gpio.o)
 .debug_frame   0x00000d9c      0x20c lib/libstm32.a(stm32f10x_nvic.o)
 .debug_frame   0x00000fa8      0x220 lib/libstm32.a(stm32f10x_rcc.o)
 .debug_frame   0x000011c8      0x6a8 lib/libstm32.a(stm32f10x_tim.o)
 .debug_frame   0x00001870       0x70 lib/libstm32.a(stm32f10x_systick.o)
 .debug_frame   0x000018e0      0x200 lib/libstm32.a(stm32f10x_usart.o)
 .debug_frame   0x00001ae0       0x30 lib/libstm32.a(stm32f10x_vector.o)
 .debug_frame   0x00001b10       0x20 lib/libstm32.a(usb_init.o)
 .debug_frame   0x00001b30      0x1cc lib/libstm32.a(usb_core.o)
 .debug_frame   0x00001cfc       0x44 lib/libstm32.a(usb_mem.o)
 .debug_frame   0x00001d40      0x3d0 lib/libstm32.a(usb_regs.o)
 .debug_frame   0x00002110       0x3c lib/libstm32.a(usb_sil.o)
 .debug_frame   0x0000214c       0x48 lib/libstm32.a(usb_int.o)

.debug_str      0x00000000     0x3da1
 *(.debug_str)
 .debug_str     0x00000000      0xcc3 main.o
                                0xd52 (size before relaxing)
 .debug_str     0x00000cc3      0x587 stm32f10x_it.o
                                0x7fc (size before relaxing)
 .debug_str     0x0000124a       0xc8 usb_desc.o
                                0x1ba (size before relaxing)
 .debug_str     0x00001312       0xa4 usb_endp.o
                                0x32e (size before relaxing)
 .debug_str     0x000013b6      0x101 usb_istr.o
                                0x268 (size before relaxing)
 .debug_str     0x000014b7      0x595 usb_prop.o
                                0x987 (size before relaxing)
 .debug_str     0x00001a4c       0xe6 USBInit.o
                                0x32e (size before relaxing)
 .debug_str     0x00001b32      0x2d4 lib/libstm32.a(stm32f10x_flash.o)
                                0x4e9 (size before relaxing)
 .debug_str     0x00001e06       0x82 lib/libstm32.a(stm32f10x_iwdg.o)
                                0x1d0 (size before relaxing)
 .debug_str     0x00001e88      0x1c8 lib/libstm32.a(stm32f10x_gpio.o)
                                0x45e (size before relaxing)
 .debug_str     0x00002050      0x476 lib/libstm32.a(stm32f10x_nvic.o)
                                0x6be (size before relaxing)
 .debug_str     0x000024c6      0x2fd lib/libstm32.a(stm32f10x_rcc.o)
                                0x58e (size before relaxing)
 .debug_str     0x000027c3      0x9d8 lib/libstm32.a(stm32f10x_tim.o)
                                0xd7f (size before relaxing)
 .debug_str     0x0000319b       0xac lib/libstm32.a(stm32f10x_systick.o)
                                0x233 (size before relaxing)
 .debug_str     0x00003247      0x2ba lib/libstm32.a(stm32f10x_usart.o)
                                0x629 (size before relaxing)
 .debug_str     0x00003501       0x6f lib/libstm32.a(stm32f10x_vector.o)
                                0x126 (size before relaxing)
 .debug_str     0x00003570       0x4f lib/libstm32.a(usb_init.o)
                                0x4ae (size before relaxing)
 .debug_str     0x000035bf      0x425 lib/libstm32.a(usb_core.o)
                                0xa51 (size before relaxing)
 .debug_str     0x000039e4       0x4a lib/libstm32.a(usb_mem.o)
                                0x164 (size before relaxing)
 .debug_str     0x00003a2e      0x30f lib/libstm32.a(usb_regs.o)
                                0x4ec (size before relaxing)
 .debug_str     0x00003d3d       0x3c lib/libstm32.a(usb_sil.o)
                                0x185 (size before relaxing)
 .debug_str     0x00003d79       0x28 lib/libstm32.a(usb_int.o)
                                0x18b (size before relaxing)

.debug_loc      0x00000000     0x60dd
 *(.debug_loc)
 .debug_loc     0x00000000      0x731 main.o
 .debug_loc     0x00000731       0xb5 usb_endp.o
 .debug_loc     0x000007e6      0x1cc usb_prop.o
 .debug_loc     0x000009b2      0x141 USBInit.o
 .debug_loc     0x00000af3      0x6ad lib/libstm32.a(stm32f10x_flash.o)
 .debug_loc     0x000011a0       0x62 lib/libstm32.a(stm32f10x_iwdg.o)
 .debug_loc     0x00001202      0x527 lib/libstm32.a(stm32f10x_gpio.o)
 .debug_loc     0x00001729      0x91a lib/libstm32.a(stm32f10x_nvic.o)
 .debug_loc     0x00002043      0x69d lib/libstm32.a(stm32f10x_rcc.o)
 .debug_loc     0x000026e0     0x1962 lib/libstm32.a(stm32f10x_tim.o)
 .debug_loc     0x00004042       0xe7 lib/libstm32.a(stm32f10x_systick.o)
 .debug_loc     0x00004129      0x85c lib/libstm32.a(stm32f10x_usart.o)
 .debug_loc     0x00004985       0x43 lib/libstm32.a(stm32f10x_vector.o)
 .debug_loc     0x000049c8      0x79e lib/libstm32.a(usb_core.o)
 .debug_loc     0x00005166      0x28f lib/libstm32.a(usb_mem.o)
 .debug_loc     0x000053f5      0xbe9 lib/libstm32.a(usb_regs.o)
 .debug_loc     0x00005fde       0x64 lib/libstm32.a(usb_sil.o)
 .debug_loc     0x00006042       0x9b lib/libstm32.a(usb_int.o)

.debug_macinfo
 *(.debug_macinfo)

.debug_weaknames
 *(.debug_weaknames)

.debug_funcnames
 *(.debug_funcnames)

.debug_typenames
 *(.debug_typenames)

.debug_varnames
 *(.debug_varnames)
OUTPUT(CupDrone_Boot.elf elf32-littlearm)

.debug_ranges   0x00000000      0xfd8
 .debug_ranges  0x00000000       0xf8 main.o
 .debug_ranges  0x000000f8      0x230 stm32f10x_it.o
 .debug_ranges  0x00000328       0x48 usb_endp.o
 .debug_ranges  0x00000370       0x10 usb_istr.o
 .debug_ranges  0x00000380       0x78 usb_prop.o
 .debug_ranges  0x000003f8       0x48 USBInit.o
 .debug_ranges  0x00000440       0xc0 lib/libstm32.a(stm32f10x_flash.o)
 .debug_ranges  0x00000500       0x38 lib/libstm32.a(stm32f10x_iwdg.o)
 .debug_ranges  0x00000538       0x90 lib/libstm32.a(stm32f10x_gpio.o)
 .debug_ranges  0x000005c8       0xf8 lib/libstm32.a(stm32f10x_nvic.o)
 .debug_ranges  0x000006c0      0x108 lib/libstm32.a(stm32f10x_rcc.o)
 .debug_ranges  0x000007c8      0x308 lib/libstm32.a(stm32f10x_tim.o)
 .debug_ranges  0x00000ad0       0x38 lib/libstm32.a(stm32f10x_systick.o)
 .debug_ranges  0x00000b08       0xe0 lib/libstm32.a(stm32f10x_usart.o)
 .debug_ranges  0x00000be8       0x10 lib/libstm32.a(stm32f10x_vector.o)
 .debug_ranges  0x00000bf8       0x10 lib/libstm32.a(usb_init.o)
 .debug_ranges  0x00000c08       0xf8 lib/libstm32.a(usb_core.o)
 .debug_ranges  0x00000d00       0x18 lib/libstm32.a(usb_mem.o)
 .debug_ranges  0x00000d18      0x290 lib/libstm32.a(usb_regs.o)
 .debug_ranges  0x00000fa8       0x18 lib/libstm32.a(usb_sil.o)
 .debug_ranges  0x00000fc0       0x18 lib/libstm32.a(usb_int.o)

Cross Reference Table

Symbol                                            File
ADC1_2_IRQHandler                                 stm32f10x_it.o
                                                  lib/libstm32.a(stm32f10x_vector.o)
ADC3_IRQHandler                                   stm32f10x_it.o
                                                  lib/libstm32.a(stm32f10x_vector.o)
BusFaultException                                 stm32f10x_it.o
                                                  lib/libstm32.a(stm32f10x_vector.o)
ByteSwap                                          lib/libstm32.a(usb_regs.o)
                                                  lib/libstm32.a(usb_core.o)
CAN_RX1_IRQHandler                                stm32f10x_it.o
                                                  lib/libstm32.a(stm32f10x_vector.o)
CAN_SCE_IRQHandler                                stm32f10x_it.o
                                                  lib/libstm32.a(stm32f10x_vector.o)
CTR_HP                                            lib/libstm32.a(usb_int.o)
CTR_LP                                            lib/libstm32.a(usb_int.o)
                                                  usb_istr.o
CheckTimeOut                                      main.o
ClearBuffer256                                    main.o
ClearDTOG_RX                                      lib/libstm32.a(usb_regs.o)
                                                  lib/libstm32.a(usb_core.o)
ClearDTOG_TX                                      lib/libstm32.a(usb_regs.o)
                                                  lib/libstm32.a(usb_core.o)
ClearEPDoubleBuff                                 lib/libstm32.a(usb_regs.o)
ClearEP_CTR_RX                                    lib/libstm32.a(usb_regs.o)
ClearEP_CTR_TX                                    lib/libstm32.a(usb_regs.o)
ClearEP_KIND                                      lib/libstm32.a(usb_regs.o)
ClearTimeOutBuffer                                main.o
                                                  usb_endp.o
Clear_Status_Out                                  lib/libstm32.a(usb_regs.o)
                                                  usb_prop.o
Config_Descriptor                                 usb_prop.o
DMA1_Channel1_IRQHandler                          stm32f10x_it.o
DMA1_Channel2_IRQHandler                          stm32f10x_it.o
DMA1_Channel3_IRQHandler                          stm32f10x_it.o
DMA1_Channel4_IRQHandler                          stm32f10x_it.o
DMA1_Channel5_IRQHandler                          stm32f10x_it.o
DMA1_Channel6_IRQHandler                          stm32f10x_it.o
DMA1_Channel7_IRQHandler                          stm32f10x_it.o
DMA2_Channel1_IRQHandler                          stm32f10x_it.o
                                                  lib/libstm32.a(stm32f10x_vector.o)
DMA2_Channel2_IRQHandler                          stm32f10x_it.o
                                                  lib/libstm32.a(stm32f10x_vector.o)
DMA2_Channel3_IRQHandler                          stm32f10x_it.o
                                                  lib/libstm32.a(stm32f10x_vector.o)
DMA2_Channel4_5_IRQHandler                        stm32f10x_it.o
                                                  lib/libstm32.a(stm32f10x_vector.o)
Data_Mul_MaxPacketSize                            lib/libstm32.a(usb_core.o)
DebugMonitor                                      stm32f10x_it.o
                                                  lib/libstm32.a(stm32f10x_vector.o)
Delay                                             main.o
                                                  USBInit.o
Device_Descriptor                                 usb_prop.o
Device_Info                                       lib/libstm32.a(usb_init.o)
                                                  usb_prop.o
Device_Property                                   usb_prop.o
                                                  lib/libstm32.a(usb_core.o)
                                                  lib/libstm32.a(usb_init.o)
                                                  usb_istr.o
Device_Table                                      usb_prop.o
                                                  lib/libstm32.a(usb_core.o)
EP1_IN_Callback                                   usb_endp.o
                                                  usb_istr.o
EP3_OUT_Callback                                  usb_endp.o
                                                  usb_istr.o
EPindex                                           lib/libstm32.a(usb_init.o)
                                                  lib/libstm32.a(usb_int.o)
EXTI0_IRQHandler                                  stm32f10x_it.o
                                                  lib/libstm32.a(stm32f10x_vector.o)
EXTI15_10_IRQHandler                              stm32f10x_it.o
                                                  lib/libstm32.a(stm32f10x_vector.o)
EXTI1_IRQHandler                                  stm32f10x_it.o
                                                  lib/libstm32.a(stm32f10x_vector.o)
EXTI2_IRQHandler                                  stm32f10x_it.o
                                                  lib/libstm32.a(stm32f10x_vector.o)
EXTI3_IRQHandler                                  stm32f10x_it.o
                                                  lib/libstm32.a(stm32f10x_vector.o)
EXTI4_IRQHandler                                  stm32f10x_it.o
                                                  lib/libstm32.a(stm32f10x_vector.o)
EXTI9_5_IRQHandler                                stm32f10x_it.o
                                                  lib/libstm32.a(stm32f10x_vector.o)
FLASH_ClearFlag                                   lib/libstm32.a(stm32f10x_flash.o)
                                                  main.o
FLASH_EnableWriteProtection                       lib/libstm32.a(stm32f10x_flash.o)
FLASH_EraseAllPages                               lib/libstm32.a(stm32f10x_flash.o)
FLASH_EraseOptionBytes                            lib/libstm32.a(stm32f10x_flash.o)
FLASH_ErasePage                                   lib/libstm32.a(stm32f10x_flash.o)
                                                  main.o
FLASH_GetFlagStatus                               lib/libstm32.a(stm32f10x_flash.o)
FLASH_GetPrefetchBufferStatus                     lib/libstm32.a(stm32f10x_flash.o)
FLASH_GetReadOutProtectionStatus                  lib/libstm32.a(stm32f10x_flash.o)
FLASH_GetStatus                                   lib/libstm32.a(stm32f10x_flash.o)
FLASH_GetUserOptionByte                           lib/libstm32.a(stm32f10x_flash.o)
FLASH_GetWriteProtectionOptionByte                lib/libstm32.a(stm32f10x_flash.o)
FLASH_HalfCycleAccessCmd                          lib/libstm32.a(stm32f10x_flash.o)
FLASH_IRQHandler                                  stm32f10x_it.o
                                                  lib/libstm32.a(stm32f10x_vector.o)
FLASH_ITConfig                                    lib/libstm32.a(stm32f10x_flash.o)
FLASH_Lock                                        lib/libstm32.a(stm32f10x_flash.o)
                                                  main.o
FLASH_PrefetchBufferCmd                           lib/libstm32.a(stm32f10x_flash.o)
                                                  main.o
FLASH_ProgramHalfWord                             lib/libstm32.a(stm32f10x_flash.o)
FLASH_ProgramOptionByteData                       lib/libstm32.a(stm32f10x_flash.o)
FLASH_ProgramWord                                 lib/libstm32.a(stm32f10x_flash.o)
                                                  usb_endp.o
FLASH_ReadOutProtection                           lib/libstm32.a(stm32f10x_flash.o)
FLASH_SetLatency                                  lib/libstm32.a(stm32f10x_flash.o)
                                                  main.o
FLASH_Unlock                                      lib/libstm32.a(stm32f10x_flash.o)
                                                  main.o
FLASH_UserOptionByteConfig                        lib/libstm32.a(stm32f10x_flash.o)
FLASH_WaitForLastOperation                        lib/libstm32.a(stm32f10x_flash.o)
FSMC_IRQHandler                                   stm32f10x_it.o
                                                  lib/libstm32.a(stm32f10x_vector.o)
FinishToSend                                      usb_endp.o
FreeUserBuffer                                    lib/libstm32.a(usb_regs.o)
GPIO_AFIODeInit                                   lib/libstm32.a(stm32f10x_gpio.o)
GPIO_Configuration                                main.o
GPIO_DeInit                                       lib/libstm32.a(stm32f10x_gpio.o)
GPIO_EXTILineConfig                               lib/libstm32.a(stm32f10x_gpio.o)
GPIO_EventOutputCmd                               lib/libstm32.a(stm32f10x_gpio.o)
GPIO_EventOutputConfig                            lib/libstm32.a(stm32f10x_gpio.o)
GPIO_Init                                         lib/libstm32.a(stm32f10x_gpio.o)
                                                  main.o
GPIO_PinLockConfig                                lib/libstm32.a(stm32f10x_gpio.o)
GPIO_PinRemapConfig                               lib/libstm32.a(stm32f10x_gpio.o)
                                                  main.o
GPIO_ReadInputData                                lib/libstm32.a(stm32f10x_gpio.o)
GPIO_ReadInputDataBit                             lib/libstm32.a(stm32f10x_gpio.o)
                                                  main.o
GPIO_ReadOutputData                               lib/libstm32.a(stm32f10x_gpio.o)
GPIO_ReadOutputDataBit                            lib/libstm32.a(stm32f10x_gpio.o)
GPIO_ResetBits                                    lib/libstm32.a(stm32f10x_gpio.o)
                                                  USBInit.o
                                                  main.o
GPIO_SetBits                                      lib/libstm32.a(stm32f10x_gpio.o)
                                                  USBInit.o
                                                  main.o
GPIO_StructInit                                   lib/libstm32.a(stm32f10x_gpio.o)
GPIO_Write                                        lib/libstm32.a(stm32f10x_gpio.o)
GPIO_WriteBit                                     lib/libstm32.a(stm32f10x_gpio.o)
GetBTABLE                                         lib/libstm32.a(usb_regs.o)
GetCNTR                                           lib/libstm32.a(usb_regs.o)
GetDADDR                                          lib/libstm32.a(usb_regs.o)
GetENDPOINT                                       lib/libstm32.a(usb_regs.o)
GetEPAddress                                      lib/libstm32.a(usb_regs.o)
GetEPDblBuf0Addr                                  lib/libstm32.a(usb_regs.o)
GetEPDblBuf0Count                                 lib/libstm32.a(usb_regs.o)
GetEPDblBuf1Addr                                  lib/libstm32.a(usb_regs.o)
GetEPDblBuf1Count                                 lib/libstm32.a(usb_regs.o)
GetEPDblBufDir                                    lib/libstm32.a(usb_regs.o)
GetEPRxAddr                                       lib/libstm32.a(usb_regs.o)
                                                  lib/libstm32.a(usb_sil.o)
                                                  lib/libstm32.a(usb_core.o)
GetEPRxCount                                      lib/libstm32.a(usb_regs.o)
                                                  lib/libstm32.a(usb_sil.o)
GetEPRxStatus                                     lib/libstm32.a(usb_regs.o)
GetEPTxAddr                                       lib/libstm32.a(usb_regs.o)
                                                  lib/libstm32.a(usb_core.o)
GetEPTxCount                                      lib/libstm32.a(usb_regs.o)
GetEPTxStatus                                     lib/libstm32.a(usb_regs.o)
GetEPType                                         lib/libstm32.a(usb_regs.o)
GetFNR                                            lib/libstm32.a(usb_regs.o)
GetISTR                                           lib/libstm32.a(usb_regs.o)
GetRxStallStatus                                  lib/libstm32.a(usb_regs.o)
GetTxStallStatus                                  lib/libstm32.a(usb_regs.o)
Get_SerialNum                                     USBInit.o
                                                  usb_prop.o
HSEStartUpStatus                                  main.o
HardFaultException                                stm32f10x_it.o
                                                  lib/libstm32.a(stm32f10x_vector.o)
I2C1_ER_IRQHandler                                stm32f10x_it.o
                                                  lib/libstm32.a(stm32f10x_vector.o)
I2C1_EV_IRQHandler                                stm32f10x_it.o
                                                  lib/libstm32.a(stm32f10x_vector.o)
I2C2_ER_IRQHandler                                stm32f10x_it.o
                                                  lib/libstm32.a(stm32f10x_vector.o)
I2C2_EV_IRQHandler                                stm32f10x_it.o
                                                  lib/libstm32.a(stm32f10x_vector.o)
IWDG_Enable                                       lib/libstm32.a(stm32f10x_iwdg.o)
IWDG_GetFlagStatus                                lib/libstm32.a(stm32f10x_iwdg.o)
IWDG_ReloadCounter                                lib/libstm32.a(stm32f10x_iwdg.o)
IWDG_SetPrescaler                                 lib/libstm32.a(stm32f10x_iwdg.o)
                                                  main.o
IWDG_SetReload                                    lib/libstm32.a(stm32f10x_iwdg.o)
                                                  main.o
IWDG_WriteAccessCmd                               lib/libstm32.a(stm32f10x_iwdg.o)
                                                  main.o
In0_Process                                       lib/libstm32.a(usb_core.o)
                                                  lib/libstm32.a(usb_int.o)
Interrupt1ms                                      main.o
                                                  stm32f10x_it.o
MemManageException                                stm32f10x_it.o
                                                  lib/libstm32.a(stm32f10x_vector.o)
NMIException                                      stm32f10x_it.o
                                                  lib/libstm32.a(stm32f10x_vector.o)
NOP_Process                                       lib/libstm32.a(usb_core.o)
                                                  usb_prop.o
                                                  usb_istr.o
NVIC_BASEPRICONFIG                                lib/libstm32.a(stm32f10x_nvic.o)
NVIC_ClearIRQChannelPendingBit                    lib/libstm32.a(stm32f10x_nvic.o)
NVIC_ClearSystemHandlerPendingBit                 lib/libstm32.a(stm32f10x_nvic.o)
NVIC_Configuration                                main.o
NVIC_DeInit                                       lib/libstm32.a(stm32f10x_nvic.o)
NVIC_GenerateCoreReset                            lib/libstm32.a(stm32f10x_nvic.o)
NVIC_GenerateSystemReset                          lib/libstm32.a(stm32f10x_nvic.o)
                                                  main.o
NVIC_GetBASEPRI                                   lib/libstm32.a(stm32f10x_nvic.o)
NVIC_GetCPUID                                     lib/libstm32.a(stm32f10x_nvic.o)
NVIC_GetCurrentActiveHandler                      lib/libstm32.a(stm32f10x_nvic.o)
NVIC_GetCurrentPendingIRQChannel                  lib/libstm32.a(stm32f10x_nvic.o)
NVIC_GetFaultAddress                              lib/libstm32.a(stm32f10x_nvic.o)
NVIC_GetFaultHandlerSources                       lib/libstm32.a(stm32f10x_nvic.o)
NVIC_GetIRQChannelActiveBitStatus                 lib/libstm32.a(stm32f10x_nvic.o)
NVIC_GetIRQChannelPendingBitStatus                lib/libstm32.a(stm32f10x_nvic.o)
NVIC_GetSystemHandlerActiveBitStatus              lib/libstm32.a(stm32f10x_nvic.o)
NVIC_GetSystemHandlerPendingBitStatus             lib/libstm32.a(stm32f10x_nvic.o)
NVIC_Init                                         lib/libstm32.a(stm32f10x_nvic.o)
                                                  main.o
NVIC_PriorityGroupConfig                          lib/libstm32.a(stm32f10x_nvic.o)
                                                  main.o
NVIC_RESETFAULTMASK                               lib/libstm32.a(stm32f10x_nvic.o)
NVIC_RESETPRIMASK                                 lib/libstm32.a(stm32f10x_nvic.o)
NVIC_SCBDeInit                                    lib/libstm32.a(stm32f10x_nvic.o)
NVIC_SETFAULTMASK                                 lib/libstm32.a(stm32f10x_nvic.o)
NVIC_SETPRIMASK                                   lib/libstm32.a(stm32f10x_nvic.o)
NVIC_SetIRQChannelPendingBit                      lib/libstm32.a(stm32f10x_nvic.o)
NVIC_SetSystemHandlerPendingBit                   lib/libstm32.a(stm32f10x_nvic.o)
NVIC_SetVectorTable                               lib/libstm32.a(stm32f10x_nvic.o)
                                                  main.o
NVIC_StructInit                                   lib/libstm32.a(stm32f10x_nvic.o)
NVIC_SystemHandlerConfig                          lib/libstm32.a(stm32f10x_nvic.o)
NVIC_SystemHandlerPriorityConfig                  lib/libstm32.a(stm32f10x_nvic.o)
NVIC_SystemLPConfig                               lib/libstm32.a(stm32f10x_nvic.o)
Out0_Process                                      lib/libstm32.a(usb_core.o)
                                                  lib/libstm32.a(usb_int.o)
PMAToUserBufferCopy                               lib/libstm32.a(usb_mem.o)
                                                  lib/libstm32.a(usb_sil.o)
                                                  lib/libstm32.a(usb_core.o)
PVD_IRQHandler                                    stm32f10x_it.o
                                                  lib/libstm32.a(stm32f10x_vector.o)
PendSVC                                           stm32f10x_it.o
                                                  lib/libstm32.a(stm32f10x_vector.o)
Post0_Process                                     lib/libstm32.a(usb_core.o)
PowerOff                                          USBInit.o
PowerOn                                           USBInit.o
                                                  usb_prop.o
RCC_ADCCLKConfig                                  lib/libstm32.a(stm32f10x_rcc.o)
RCC_AHBPeriphClockCmd                             lib/libstm32.a(stm32f10x_rcc.o)
RCC_APB1PeriphClockCmd                            lib/libstm32.a(stm32f10x_rcc.o)
                                                  main.o
RCC_APB1PeriphResetCmd                            lib/libstm32.a(stm32f10x_rcc.o)
                                                  lib/libstm32.a(stm32f10x_usart.o)
                                                  lib/libstm32.a(stm32f10x_tim.o)
RCC_APB2PeriphClockCmd                            lib/libstm32.a(stm32f10x_rcc.o)
                                                  main.o
RCC_APB2PeriphResetCmd                            lib/libstm32.a(stm32f10x_rcc.o)
                                                  lib/libstm32.a(stm32f10x_usart.o)
                                                  lib/libstm32.a(stm32f10x_tim.o)
                                                  lib/libstm32.a(stm32f10x_gpio.o)
RCC_AdjustHSICalibrationValue                     lib/libstm32.a(stm32f10x_rcc.o)
RCC_BackupResetCmd                                lib/libstm32.a(stm32f10x_rcc.o)
RCC_ClearFlag                                     lib/libstm32.a(stm32f10x_rcc.o)
                                                  main.o
RCC_ClearITPendingBit                             lib/libstm32.a(stm32f10x_rcc.o)
RCC_ClockSecuritySystemCmd                        lib/libstm32.a(stm32f10x_rcc.o)
RCC_Configuration                                 main.o
RCC_DeInit                                        lib/libstm32.a(stm32f10x_rcc.o)
                                                  main.o
RCC_GetClocksFreq                                 lib/libstm32.a(stm32f10x_rcc.o)
                                                  lib/libstm32.a(stm32f10x_usart.o)
RCC_GetFlagStatus                                 lib/libstm32.a(stm32f10x_rcc.o)
                                                  main.o
RCC_GetITStatus                                   lib/libstm32.a(stm32f10x_rcc.o)
RCC_GetSYSCLKSource                               lib/libstm32.a(stm32f10x_rcc.o)
                                                  main.o
RCC_HCLKConfig                                    lib/libstm32.a(stm32f10x_rcc.o)
                                                  main.o
RCC_HSEConfig                                     lib/libstm32.a(stm32f10x_rcc.o)
                                                  main.o
RCC_HSICmd                                        lib/libstm32.a(stm32f10x_rcc.o)
RCC_IRQHandler                                    stm32f10x_it.o
                                                  lib/libstm32.a(stm32f10x_vector.o)
RCC_ITConfig                                      lib/libstm32.a(stm32f10x_rcc.o)
RCC_LSEConfig                                     lib/libstm32.a(stm32f10x_rcc.o)
RCC_LSICmd                                        lib/libstm32.a(stm32f10x_rcc.o)
RCC_MCOConfig                                     lib/libstm32.a(stm32f10x_rcc.o)
RCC_PCLK1Config                                   lib/libstm32.a(stm32f10x_rcc.o)
                                                  main.o
RCC_PCLK2Config                                   lib/libstm32.a(stm32f10x_rcc.o)
                                                  main.o
RCC_PLLCmd                                        lib/libstm32.a(stm32f10x_rcc.o)
                                                  main.o
RCC_PLLConfig                                     lib/libstm32.a(stm32f10x_rcc.o)
                                                  main.o
RCC_RTCCLKCmd                                     lib/libstm32.a(stm32f10x_rcc.o)
RCC_RTCCLKConfig                                  lib/libstm32.a(stm32f10x_rcc.o)
RCC_SYSCLKConfig                                  lib/libstm32.a(stm32f10x_rcc.o)
                                                  main.o
RCC_USBCLKConfig                                  lib/libstm32.a(stm32f10x_rcc.o)
                                                  main.o
RCC_WaitForHSEStartUp                             lib/libstm32.a(stm32f10x_rcc.o)
                                                  main.o
RTCAlarm_IRQHandler                               stm32f10x_it.o
                                                  lib/libstm32.a(stm32f10x_vector.o)
RTC_IRQHandler                                    stm32f10x_it.o
                                                  lib/libstm32.a(stm32f10x_vector.o)
Request                                           usb_prop.o
Reset_Handler                                     lib/libstm32.a(stm32f10x_vector.o)
RxDBufferFromHost                                 main.o
SDIO_IRQHandler                                   stm32f10x_it.o
                                                  lib/libstm32.a(stm32f10x_vector.o)
SOF_Callback                                      usb_endp.o
SPI1_IRQHandler                                   stm32f10x_it.o
                                                  lib/libstm32.a(stm32f10x_vector.o)
SPI2_IRQHandler                                   stm32f10x_it.o
                                                  lib/libstm32.a(stm32f10x_vector.o)
SPI3_IRQHandler                                   stm32f10x_it.o
                                                  lib/libstm32.a(stm32f10x_vector.o)
SVCHandler                                        stm32f10x_it.o
                                                  lib/libstm32.a(stm32f10x_vector.o)
SaveRState                                        lib/libstm32.a(usb_int.o)
                                                  lib/libstm32.a(usb_core.o)
SaveState                                         lib/libstm32.a(usb_init.o)
SaveTState                                        lib/libstm32.a(usb_int.o)
                                                  lib/libstm32.a(usb_core.o)
SerialMonitor                                     main.o
SetBTABLE                                         lib/libstm32.a(usb_regs.o)
                                                  usb_prop.o
SetCNTR                                           lib/libstm32.a(usb_regs.o)
SetDADDR                                          lib/libstm32.a(usb_regs.o)
SetDeviceAddress                                  lib/libstm32.a(usb_core.o)
                                                  usb_prop.o
SetDouBleBuffEPStall                              lib/libstm32.a(usb_regs.o)
SetENDPOINT                                       lib/libstm32.a(usb_regs.o)
SetEPAddress                                      lib/libstm32.a(usb_regs.o)
SetEPCountRxReg                                   lib/libstm32.a(usb_regs.o)
SetEPDblBuf0Addr                                  lib/libstm32.a(usb_regs.o)
SetEPDblBuf0Count                                 lib/libstm32.a(usb_regs.o)
SetEPDblBuf1Addr                                  lib/libstm32.a(usb_regs.o)
SetEPDblBuf1Count                                 lib/libstm32.a(usb_regs.o)
SetEPDblBuffAddr                                  lib/libstm32.a(usb_regs.o)
SetEPDblBuffCount                                 lib/libstm32.a(usb_regs.o)
SetEPDoubleBuff                                   lib/libstm32.a(usb_regs.o)
SetEPRxAddr                                       lib/libstm32.a(usb_regs.o)
                                                  usb_prop.o
SetEPRxCount                                      lib/libstm32.a(usb_regs.o)
                                                  lib/libstm32.a(usb_core.o)
                                                  usb_prop.o
SetEPRxStatus                                     lib/libstm32.a(usb_regs.o)
                                                  usb_prop.o
SetEPRxValid                                      lib/libstm32.a(usb_regs.o)
                                                  usb_prop.o
                                                  usb_endp.o
SetEPTxAddr                                       lib/libstm32.a(usb_regs.o)
                                                  usb_prop.o
SetEPTxCount                                      lib/libstm32.a(usb_regs.o)
                                                  lib/libstm32.a(usb_core.o)
                                                  USBInit.o
SetEPTxStatus                                     lib/libstm32.a(usb_regs.o)
                                                  lib/libstm32.a(usb_core.o)
                                                  usb_prop.o
SetEPTxValid                                      lib/libstm32.a(usb_regs.o)
                                                  USBInit.o
SetEPType                                         lib/libstm32.a(usb_regs.o)
                                                  usb_prop.o
SetEP_KIND                                        lib/libstm32.a(usb_regs.o)
SetISTR                                           lib/libstm32.a(usb_regs.o)
Set_Status_Out                                    lib/libstm32.a(usb_regs.o)
Setup0_Process                                    lib/libstm32.a(usb_core.o)
                                                  lib/libstm32.a(usb_int.o)
Standard_ClearFeature                             lib/libstm32.a(usb_core.o)
Standard_GetConfiguration                         lib/libstm32.a(usb_core.o)
Standard_GetDescriptorData                        lib/libstm32.a(usb_core.o)
                                                  usb_prop.o
Standard_GetInterface                             lib/libstm32.a(usb_core.o)
Standard_GetStatus                                lib/libstm32.a(usb_core.o)
Standard_SetConfiguration                         lib/libstm32.a(usb_core.o)
Standard_SetDeviceFeature                         lib/libstm32.a(usb_core.o)
Standard_SetEndPointFeature                       lib/libstm32.a(usb_core.o)
Standard_SetInterface                             lib/libstm32.a(usb_core.o)
StatusInfo                                        lib/libstm32.a(usb_core.o)
StringCompare                                     main.o
StringCopy                                        main.o
String_Descriptor                                 usb_prop.o
SysTickHandler                                    stm32f10x_it.o
                                                  lib/libstm32.a(stm32f10x_vector.o)
SysTick_CLKSourceConfig                           lib/libstm32.a(stm32f10x_systick.o)
SysTick_CounterCmd                                lib/libstm32.a(stm32f10x_systick.o)
                                                  main.o
SysTick_GetCounter                                lib/libstm32.a(stm32f10x_systick.o)
SysTick_GetFlagStatus                             lib/libstm32.a(stm32f10x_systick.o)